Archive member included to satisfy reference by file (symbol)

d:/arm-gcc/bin/../lib/gcc/arm-none-eabi/7.3.1/thumb/v6-m\libgcc.a(_thumb1_case_sqi.o)
                              ./nv32lib/drivers/gpio/gpio.o (__gnu_thumb1_case_sqi)
d:/arm-gcc/bin/../lib/gcc/arm-none-eabi/7.3.1/thumb/v6-m\libgcc.a(_thumb1_case_uqi.o)
                              ./nv32lib/drivers/gpio/gpio.o (__gnu_thumb1_case_uqi)
d:/arm-gcc/bin/../lib/gcc/arm-none-eabi/7.3.1/thumb/v6-m\libgcc.a(_udivsi3.o)
                              ./nv32lib/drivers/spi/spi.o (__aeabi_uidiv)
d:/arm-gcc/bin/../lib/gcc/arm-none-eabi/7.3.1/thumb/v6-m\libgcc.a(_divsi3.o)
                              ./nv32lib/drivers/etm/etm.o (__aeabi_idiv)
d:/arm-gcc/bin/../lib/gcc/arm-none-eabi/7.3.1/thumb/v6-m\libgcc.a(_dvmd_tls.o)
                              d:/arm-gcc/bin/../lib/gcc/arm-none-eabi/7.3.1/thumb/v6-m\libgcc.a(_udivsi3.o) (__aeabi_idiv0)
d:/arm-gcc/bin/../lib/gcc/arm-none-eabi/7.3.1/../../../../arm-none-eabi/lib/thumb/v6-m\libg_nano.a(lib_a-memcpy-stub.o)
                              ./nv32lib/drivers/kbi/kbi.o (memcpy)
d:/arm-gcc/bin/../lib/gcc/arm-none-eabi/7.3.1/../../../../arm-none-eabi/lib/thumb/v6-m\libg_nano.a(lib_a-memset.o)
                              ./nv32lib/cpu/sysinit.o (memset)
d:/arm-gcc/bin/../lib/gcc/arm-none-eabi/7.3.1/../../../../arm-none-eabi/lib/thumb/v6-m\libg_nano.a(lib_a-printf.o)
                              ./nv32lib/common/assert.o (printf)
d:/arm-gcc/bin/../lib/gcc/arm-none-eabi/7.3.1/../../../../arm-none-eabi/lib/thumb/v6-m\libg_nano.a(lib_a-puts.o)
                              ./main.o (puts)
d:/arm-gcc/bin/../lib/gcc/arm-none-eabi/7.3.1/../../../../arm-none-eabi/lib/thumb/v6-m\libg_nano.a(lib_a-wbuf.o)
                              d:/arm-gcc/bin/../lib/gcc/arm-none-eabi/7.3.1/../../../../arm-none-eabi/lib/thumb/v6-m\libg_nano.a(lib_a-puts.o) (__swbuf_r)
d:/arm-gcc/bin/../lib/gcc/arm-none-eabi/7.3.1/../../../../arm-none-eabi/lib/thumb/v6-m\libg_nano.a(lib_a-wsetup.o)
                              d:/arm-gcc/bin/../lib/gcc/arm-none-eabi/7.3.1/../../../../arm-none-eabi/lib/thumb/v6-m\libg_nano.a(lib_a-puts.o) (__swsetup_r)
d:/arm-gcc/bin/../lib/gcc/arm-none-eabi/7.3.1/../../../../arm-none-eabi/lib/thumb/v6-m\libg_nano.a(lib_a-fflush.o)
                              d:/arm-gcc/bin/../lib/gcc/arm-none-eabi/7.3.1/../../../../arm-none-eabi/lib/thumb/v6-m\libg_nano.a(lib_a-wbuf.o) (_fflush_r)
d:/arm-gcc/bin/../lib/gcc/arm-none-eabi/7.3.1/../../../../arm-none-eabi/lib/thumb/v6-m\libg_nano.a(lib_a-findfp.o)
                              d:/arm-gcc/bin/../lib/gcc/arm-none-eabi/7.3.1/../../../../arm-none-eabi/lib/thumb/v6-m\libg_nano.a(lib_a-printf.o) (__sinit)
d:/arm-gcc/bin/../lib/gcc/arm-none-eabi/7.3.1/../../../../arm-none-eabi/lib/thumb/v6-m\libg_nano.a(lib_a-fwalk.o)
                              d:/arm-gcc/bin/../lib/gcc/arm-none-eabi/7.3.1/../../../../arm-none-eabi/lib/thumb/v6-m\libg_nano.a(lib_a-findfp.o) (_fwalk)
d:/arm-gcc/bin/../lib/gcc/arm-none-eabi/7.3.1/../../../../arm-none-eabi/lib/thumb/v6-m\libg_nano.a(lib_a-impure.o)
                              d:/arm-gcc/bin/../lib/gcc/arm-none-eabi/7.3.1/../../../../arm-none-eabi/lib/thumb/v6-m\libg_nano.a(lib_a-fflush.o) (_global_impure_ptr)
d:/arm-gcc/bin/../lib/gcc/arm-none-eabi/7.3.1/../../../../arm-none-eabi/lib/thumb/v6-m\libg_nano.a(lib_a-makebuf.o)
                              d:/arm-gcc/bin/../lib/gcc/arm-none-eabi/7.3.1/../../../../arm-none-eabi/lib/thumb/v6-m\libg_nano.a(lib_a-wsetup.o) (__smakebuf_r)
d:/arm-gcc/bin/../lib/gcc/arm-none-eabi/7.3.1/../../../../arm-none-eabi/lib/thumb/v6-m\libg_nano.a(lib_a-nano-freer.o)
                              d:/arm-gcc/bin/../lib/gcc/arm-none-eabi/7.3.1/../../../../arm-none-eabi/lib/thumb/v6-m\libg_nano.a(lib_a-wsetup.o) (_free_r)
d:/arm-gcc/bin/../lib/gcc/arm-none-eabi/7.3.1/../../../../arm-none-eabi/lib/thumb/v6-m\libg_nano.a(lib_a-nano-mallocr.o)
                              d:/arm-gcc/bin/../lib/gcc/arm-none-eabi/7.3.1/../../../../arm-none-eabi/lib/thumb/v6-m\libg_nano.a(lib_a-findfp.o) (_malloc_r)
d:/arm-gcc/bin/../lib/gcc/arm-none-eabi/7.3.1/../../../../arm-none-eabi/lib/thumb/v6-m\libg_nano.a(lib_a-nano-vfprintf.o)
                              d:/arm-gcc/bin/../lib/gcc/arm-none-eabi/7.3.1/../../../../arm-none-eabi/lib/thumb/v6-m\libg_nano.a(lib_a-printf.o) (_vfprintf_r)
d:/arm-gcc/bin/../lib/gcc/arm-none-eabi/7.3.1/../../../../arm-none-eabi/lib/thumb/v6-m\libg_nano.a(lib_a-nano-vfprintf_i.o)
                              d:/arm-gcc/bin/../lib/gcc/arm-none-eabi/7.3.1/../../../../arm-none-eabi/lib/thumb/v6-m\libg_nano.a(lib_a-nano-vfprintf.o) (_printf_i)
d:/arm-gcc/bin/../lib/gcc/arm-none-eabi/7.3.1/../../../../arm-none-eabi/lib/thumb/v6-m\libg_nano.a(lib_a-sbrkr.o)
                              d:/arm-gcc/bin/../lib/gcc/arm-none-eabi/7.3.1/../../../../arm-none-eabi/lib/thumb/v6-m\libg_nano.a(lib_a-nano-mallocr.o) (_sbrk_r)
[...]
Memory Configuration

Name             Origin             Length             Attributes
VECTORS          0x00000000         0x00000400         xr
FLASH_PROTECTION 0x00000400         0x00000010         xr
FLASH            0x00000410         0x0001fbf0         xr
RAM              0x1ffff0c0         0x00001f40         xrw
*default*        0x00000000         0xffffffff

Linker script and memory map

LOAD ./nv32lib/cpu/startup_NV32_gcc.o
LOAD ./main.o
LOAD ./nv32lib/common/assert.o
LOAD ./nv32lib/cpu/arm_cm0.o
LOAD ./nv32lib/cpu/start.o
LOAD ./nv32lib/cpu/sysinit.o
LOAD ./nv32lib/cpu/vectors.o
LOAD ./nv32lib/drivers/acmp/acmp.o
LOAD ./nv32lib/drivers/adc/adc.o
LOAD ./nv32lib/drivers/crc/crc.o
LOAD ./nv32lib/drivers/gpio/gpio.o
LOAD ./nv32lib/drivers/ics/ics.o
LOAD ./nv32lib/drivers/iic/i2c.o
LOAD ./nv32lib/drivers/kbi/kbi.o
LOAD ./nv32lib/drivers/nvm/flash.o
LOAD ./nv32lib/drivers/pit/pit.o
LOAD ./nv32lib/drivers/PMC/pmc.o
LOAD ./nv32lib/drivers/rtc/rtc.o
LOAD ./nv32lib/drivers/sim/sim.o
LOAD ./nv32lib/drivers/spi/spi.o
LOAD ./nv32lib/drivers/uart/uart.o
LOAD ./nv32lib/drivers/etm/etm.o
LOAD ./nv32lib/drivers/delay/delay.o
LOAD ./nv32lib/drivers/wdog/wdog.o

.isr_vector     0x00000000       0xf4
                0x00000000                __vector_table = .
 *(.vector_table)
 .vector_table  0x00000000       0xc0 ./nv32lib/cpu/startup_NV32_gcc.o
                0x00000000                __isr_vector
 *(.text.Reset_Handler)
 .text.Reset_Handler
                0x000000c0       0x34 ./nv32lib/cpu/startup_NV32_gcc.o
                0x000000c0                Reset_Handler
 *(.text.System_Init)
                0x000000f4                . = ALIGN (0x4)

.flash_protect  0x00000400       0x10
 *(.kinetis_flash_config_field)
 .kinetis_flash_config_field
                0x00000400       0x10 ./nv32lib/cpu/startup_NV32_gcc.o
                0x00000410                . = ALIGN (0x4)

.text           0x00000410     0x1b6f
 *(.text*)
 .text          0x00000410       0x4c ./nv32lib/cpu/startup_NV32_gcc.o
                0x00000410                NMI_Handler
                0x00000412                HardFault_Handler
                0x00000414                SVC_Handler
                0x00000416                PendSV_Handler
                0x00000418                SysTick_Handler
                0x0000041a                DEF_IRQHandler
                0x0000041a                Default_Handler
                0x0000041c                Reserved16_IRQHandler
                0x0000041e                Reserved17_IRQHandler
                0x00000420                Reserved18_IRQHandler
                0x00000422                Reserved19_IRQHandler
                0x00000424                Reserved20_IRQHandler
                0x00000426                ETMRH_IRQHandler
                0x00000428                LVD_LVW_IRQHandler
                0x0000042a                IRQ_IRQHandler
                0x0000042c                I2C0_IRQHandler
                0x0000042e                Reserved25_IRQHandler
                0x00000430                SPI0_IRQHandler
                0x00000432                SPI1_IRQHandler
                0x00000434                UART0_IRQHandler
                0x00000436                UART1_IRQHandler
                0x00000438                UART2_IRQHandler
                0x0000043a                ADC0_IRQHandler
                0x0000043c                ACMP0_IRQHandler
                0x0000043e                ETM0_IRQHandler
                0x00000440                ETM1_IRQHandler
                0x00000442                ETM2_IRQHandler
                0x00000444                RTC_IRQHandler
                0x00000446                ACMP1_IRQHandler
                0x00000448                PIT_CH0_IRQHandler
                0x0000044a                PIT_CH1_IRQHandler
                0x0000044c                KBI0_IRQHandler
                0x0000044e                KBI1_IRQHandler
                0x00000450                Reserved42_IRQHandler
                0x00000452                ICS_IRQHandler
                0x00000454                Watchdog_IRQHandler
                0x00000456                Reserved45_IRQHandler
                0x00000458                Reserved46_IRQHandler
                0x0000045a                Reserved47_IRQHandler
 .text.RTC_Task
                0x0000045c       0x10 ./main.o
                0x0000045c                RTC_Task
 .text.startup.main
                0x0000046c       0x50 ./main.o
                0x0000046c                main
 .text.assert_failed
                0x000004bc       0x14 ./nv32lib/common/assert.o
                0x000004bc                assert_failed
 .text.start    0x000004d0        0xc ./nv32lib/cpu/start.o
                0x000004d0                start
 .text.SystemInit
                0x000004dc        0x8 ./nv32lib/cpu/start.o
                0x000004dc                SystemInit
 .text.print_sys_log
                0x000004e4       0xf0 ./nv32lib/cpu/sysinit.o
                0x000004e4                print_sys_log
 .text.UART_InitPrint
                0x000005d4       0x20 ./nv32lib/cpu/sysinit.o
                0x000005d4                UART_InitPrint
 .text.sysinit  0x000005f4       0x7c ./nv32lib/cpu/sysinit.o
                0x000005f4                sysinit
 .text.GPIO_Init
                0x00000670       0xfc ./nv32lib/drivers/gpio/gpio.o
                0x00000670                GPIO_Init
 .text.GPIO_Toggle
                0x0000076c       0x2c ./nv32lib/drivers/gpio/gpio.o
                0x0000076c                GPIO_Toggle
 .text.FEI_to_FBI
                0x00000798       0x40 ./nv32lib/drivers/ics/ics.o
                0x00000798                FEI_to_FBI
 .text.FBE_to_FBELP
                0x000007d8       0x10 ./nv32lib/drivers/ics/ics.o
                0x000007d8                FBE_to_FBELP
 .text.ICS_SetClkDivider
                0x000007e8       0x74 ./nv32lib/drivers/ics/ics.o
                0x000007e8                ICS_SetClkDivider
 .text.OSC_Init
                0x0000085c       0x3c ./nv32lib/drivers/ics/ics.o
                0x0000085c                OSC_Init
 .text.FEI_to_FEE
                0x00000898       0x48 ./nv32lib/drivers/ics/ics.o
                0x00000898                FEI_to_FEE
 .text.FEI_to_FBE
                0x000008e0       0x58 ./nv32lib/drivers/ics/ics.o
                0x000008e0                FEI_to_FBE
 .text.FEI_to_FBE_OSC
                0x00000938       0x60 ./nv32lib/drivers/ics/ics.o
                0x00000938                FEI_to_FBE_OSC
 .text.FEI_to_FEE_OSC
                0x00000998       0x48 ./nv32lib/drivers/ics/ics.o
                0x00000998                FEI_to_FEE_OSC
 .text.ICS_Init
                0x000009e0       0x88 ./nv32lib/drivers/ics/ics.o
                0x000009e0                ICS_Init
 .text.RTC_Init
                0x00000a68       0x70 ./nv32lib/drivers/rtc/rtc.o
                0x00000a68                RTC_Init
 .text.RTC_SetCallback
                0x00000ad8        0xc ./nv32lib/drivers/rtc/rtc.o
                0x00000ad8                RTC_SetCallback
 .text.SIM_Init
                0x00000ae4       0xa8 ./nv32lib/drivers/sim/sim.o
                0x00000ae4                SIM_Init
 .text.SIM_GetStatus
                0x00000b8c        0xc ./nv32lib/drivers/sim/sim.o
                0x00000b8c                SIM_GetStatus
 .text.SIM_ReadID
                0x00000b98       0x24 ./nv32lib/drivers/sim/sim.o
                0x00000b98                SIM_ReadID
 .text.UART_Init
                0x00000bbc       0x84 ./nv32lib/drivers/uart/uart.o
                0x00000bbc                UART_Init
 .text.WDOG_DisableWDOGEnableUpdate
                0x00000c40       0x44 ./nv32lib/drivers/wdog/wdog.o
                0x00000c40                WDOG_DisableWDOGEnableUpdate
 .text          0x00000c84      0x114 d:/arm-gcc/bin/../lib/gcc/arm-none-eabi/7.3.1/thumb/v6-m\libgcc.a(_udivsi3.o)
                0x00000c84                __aeabi_uidiv
                0x00000c84                __udivsi3
                0x00000d90                __aeabi_uidivmod
 .text          0x00000d98        0x4 d:/arm-gcc/bin/../lib/gcc/arm-none-eabi/7.3.1/thumb/v6-m\libgcc.a(_dvmd_tls.o)
                0x00000d98                __aeabi_idiv0
                0x00000d98                __aeabi_ldiv0
 .text.memset   0x00000d9c       0x10 d:/arm-gcc/bin/../lib/gcc/arm-none-eabi/7.3.1/../../../../arm-none-eabi/lib/thumb/v6-m\libg_nano.a(lib_a-memset.o)
                0x00000d9c                memset
 .text.printf   0x00000dac       0x34 d:/arm-gcc/bin/../lib/gcc/arm-none-eabi/7.3.1/../../../../arm-none-eabi/lib/thumb/v6-m\libg_nano.a(lib_a-printf.o)
                0x00000dac                iprintf
                0x00000dac                printf
 .text._puts_r  0x00000de0       0xc0 d:/arm-gcc/bin/../lib/gcc/arm-none-eabi/7.3.1/../../../../arm-none-eabi/lib/thumb/v6-m\libg_nano.a(lib_a-puts.o)
                0x00000de0                _puts_r
 .text.puts     0x00000ea0       0x14 d:/arm-gcc/bin/../lib/gcc/arm-none-eabi/7.3.1/../../../../arm-none-eabi/lib/thumb/v6-m\libg_nano.a(lib_a-puts.o)
                0x00000ea0                puts
 .text.__swbuf_r
                0x00000eb4       0xac d:/arm-gcc/bin/../lib/gcc/arm-none-eabi/7.3.1/../../../../arm-none-eabi/lib/thumb/v6-m\libg_nano.a(lib_a-wbuf.o)
                0x00000eb4                __swbuf_r
 .text.__swsetup_r
                0x00000f60       0xec d:/arm-gcc/bin/../lib/gcc/arm-none-eabi/7.3.1/../../../../arm-none-eabi/lib/thumb/v6-m\libg_nano.a(lib_a-wsetup.o)
                0x00000f60                __swsetup_r
 .text.__sflush_r
                0x0000104c      0x114 d:/arm-gcc/bin/../lib/gcc/arm-none-eabi/7.3.1/../../../../arm-none-eabi/lib/thumb/v6-m\libg_nano.a(lib_a-fflush.o)
                0x0000104c                __sflush_r
 .text._fflush_r
                0x00001160       0x58 d:/arm-gcc/bin/../lib/gcc/arm-none-eabi/7.3.1/../../../../arm-none-eabi/lib/thumb/v6-m\libg_nano.a(lib_a-fflush.o)
                0x00001160                _fflush_r
 .text.std      0x000011b8       0x48 d:/arm-gcc/bin/../lib/gcc/arm-none-eabi/7.3.1/../../../../arm-none-eabi/lib/thumb/v6-m\libg_nano.a(lib_a-findfp.o)
 .text._cleanup_r
                0x00001200       0x10 d:/arm-gcc/bin/../lib/gcc/arm-none-eabi/7.3.1/../../../../arm-none-eabi/lib/thumb/v6-m\libg_nano.a(lib_a-findfp.o)
                0x00001200                _cleanup_r
 .text.__sfmoreglue
                0x00001210       0x2c d:/arm-gcc/bin/../lib/gcc/arm-none-eabi/7.3.1/../../../../arm-none-eabi/lib/thumb/v6-m\libg_nano.a(lib_a-findfp.o)
                0x00001210                __sfmoreglue
 .text.__sinit  0x0000123c       0x68 d:/arm-gcc/bin/../lib/gcc/arm-none-eabi/7.3.1/../../../../arm-none-eabi/lib/thumb/v6-m\libg_nano.a(lib_a-findfp.o)
                0x0000123c                __sinit
 .text.__sfp    0x000012a4       0x7c d:/arm-gcc/bin/../lib/gcc/arm-none-eabi/7.3.1/../../../../arm-none-eabi/lib/thumb/v6-m\libg_nano.a(lib_a-findfp.o)
                0x000012a4                __sfp
 .text._fwalk_reent
                0x00001320       0x42 d:/arm-gcc/bin/../lib/gcc/arm-none-eabi/7.3.1/../../../../arm-none-eabi/lib/thumb/v6-m\libg_nano.a(lib_a-fwalk.o)
                0x00001320                _fwalk_reent
 *fill*         0x00001362        0x2 
 .text.__swhatbuf_r
                0x00001364       0x50 d:/arm-gcc/bin/../lib/gcc/arm-none-eabi/7.3.1/../../../../arm-none-eabi/lib/thumb/v6-m\libg_nano.a(lib_a-makebuf.o)
                0x00001364                __swhatbuf_r
 .text.__smakebuf_r
                0x000013b4       0x88 d:/arm-gcc/bin/../lib/gcc/arm-none-eabi/7.3.1/../../../../arm-none-eabi/lib/thumb/v6-m\libg_nano.a(lib_a-makebuf.o)
                0x000013b4                __smakebuf_r
 .text._free_r  0x0000143c       0x94 d:/arm-gcc/bin/../lib/gcc/arm-none-eabi/7.3.1/../../../../arm-none-eabi/lib/thumb/v6-m\libg_nano.a(lib_a-nano-freer.o)
                0x0000143c                _free_r
 .text._malloc_r
                0x000014d0       0xbc d:/arm-gcc/bin/../lib/gcc/arm-none-eabi/7.3.1/../../../../arm-none-eabi/lib/thumb/v6-m\libg_nano.a(lib_a-nano-mallocr.o)
                0x000014d0                _malloc_r
 .text.__sfputc_r
                0x0000158c       0x2a d:/arm-gcc/bin/../lib/gcc/arm-none-eabi/7.3.1/../../../../arm-none-eabi/lib/thumb/v6-m\libg_nano.a(lib_a-nano-vfprintf.o)
 .text.__sfputs_r
                0x000015b6       0x24 d:/arm-gcc/bin/../lib/gcc/arm-none-eabi/7.3.1/../../../../arm-none-eabi/lib/thumb/v6-m\libg_nano.a(lib_a-nano-vfprintf.o)
                0x000015b6                __sfputs_r
 *fill*         0x000015da        0x2 
 .text._vfprintf_r
                0x000015dc      0x22c d:/arm-gcc/bin/../lib/gcc/arm-none-eabi/7.3.1/../../../../arm-none-eabi/lib/thumb/v6-m\libg_nano.a(lib_a-nano-vfprintf.o)
                0x000015dc                _vfprintf_r
                0x000015dc                _vfiprintf_r
 .text._printf_common
                0x00001808       0xda d:/arm-gcc/bin/../lib/gcc/arm-none-eabi/7.3.1/../../../../arm-none-eabi/lib/thumb/v6-m\libg_nano.a(lib_a-nano-vfprintf_i.o)
                0x00001808                _printf_common
 *fill*         0x000018e2        0x2 
 .text._printf_i
                0x000018e4      0x210 d:/arm-gcc/bin/../lib/gcc/arm-none-eabi/7.3.1/../../../../arm-none-eabi/lib/thumb/v6-m\libg_nano.a(lib_a-nano-vfprintf_i.o)
                0x000018e4                _printf_i
 .text._sbrk_r  0x00001af4       0x24 d:/arm-gcc/bin/../lib/gcc/arm-none-eabi/7.3.1/../../../../arm-none-eabi/lib/thumb/v6-m\libg_nano.a(lib_a-sbrkr.o)
                0x00001af4                _sbrk_r
 .text.__sread  0x00001b18       0x28 d:/arm-gcc/bin/../lib/gcc/arm-none-eabi/7.3.1/../../../../arm-none-eabi/lib/thumb/v6-m\libg_nano.a(lib_a-stdio.o)
                0x00001b18                __sread
 .text.__swrite
                0x00001b40       0x38 d:/arm-gcc/bin/../lib/gcc/arm-none-eabi/7.3.1/../../../../arm-none-eabi/lib/thumb/v6-m\libg_nano.a(lib_a-stdio.o)
                0x00001b40                __swrite
 .text.__sseek  0x00001b78       0x2c d:/arm-gcc/bin/../lib/gcc/arm-none-eabi/7.3.1/../../../../arm-none-eabi/lib/thumb/v6-m\libg_nano.a(lib_a-stdio.o)
                0x00001b78                __sseek
 .text.__sclose
                0x00001ba4        0xc d:/arm-gcc/bin/../lib/gcc/arm-none-eabi/7.3.1/../../../../arm-none-eabi/lib/thumb/v6-m\libg_nano.a(lib_a-stdio.o)
                0x00001ba4                __sclose
 .text._write_r
                0x00001bb0       0x28 d:/arm-gcc/bin/../lib/gcc/arm-none-eabi/7.3.1/../../../../arm-none-eabi/lib/thumb/v6-m\libg_nano.a(lib_a-writer.o)
                0x00001bb0                _write_r
 .text._close_r
                0x00001bd8       0x24 d:/arm-gcc/bin/../lib/gcc/arm-none-eabi/7.3.1/../../../../arm-none-eabi/lib/thumb/v6-m\libg_nano.a(lib_a-closer.o)
                0x00001bd8                _close_r
 .text._fstat_r
                0x00001bfc       0x24 d:/arm-gcc/bin/../lib/gcc/arm-none-eabi/7.3.1/../../../../arm-none-eabi/lib/thumb/v6-m\libg_nano.a(lib_a-fstatr.o)
                0x00001bfc                _fstat_r
 .text._isatty_r
                0x00001c20       0x24 d:/arm-gcc/bin/../lib/gcc/arm-none-eabi/7.3.1/../../../../arm-none-eabi/lib/thumb/v6-m\libg_nano.a(lib_a-isattyr.o)
                0x00001c20                _isatty_r
 .text._lseek_r
                0x00001c44       0x28 d:/arm-gcc/bin/../lib/gcc/arm-none-eabi/7.3.1/../../../../arm-none-eabi/lib/thumb/v6-m\libg_nano.a(lib_a-lseekr.o)
                0x00001c44                _lseek_r
 .text.memchr   0x00001c6c       0x16 d:/arm-gcc/bin/../lib/gcc/arm-none-eabi/7.3.1/../../../../arm-none-eabi/lib/thumb/v6-m\libg_nano.a(lib_a-memchr-stub.o)
                0x00001c6c                memchr
 .text.__malloc_lock
                0x00001c82        0x2 d:/arm-gcc/bin/../lib/gcc/arm-none-eabi/7.3.1/../../../../arm-none-eabi/lib/thumb/v6-m\libg_nano.a(lib_a-mlock.o)
                0x00001c82                __malloc_lock
 .text.__malloc_unlock
                0x00001c84        0x2 d:/arm-gcc/bin/../lib/gcc/arm-none-eabi/7.3.1/../../../../arm-none-eabi/lib/thumb/v6-m\libg_nano.a(lib_a-mlock.o)
                0x00001c84                __malloc_unlock
 *fill*         0x00001c86        0x2 
 .text._read_r  0x00001c88       0x28 d:/arm-gcc/bin/../lib/gcc/arm-none-eabi/7.3.1/../../../../arm-none-eabi/lib/thumb/v6-m\libg_nano.a(lib_a-readr.o)
                0x00001c88                _read_r
 .text._close   0x00001cb0       0x10 d:/arm-gcc/bin/../lib/gcc/arm-none-eabi/7.3.1/../../../../arm-none-eabi/lib/thumb/v6-m\libnosys.a(close.o)
                0x00001cb0                _close
 .text._fstat   0x00001cc0       0x10 d:/arm-gcc/bin/../lib/gcc/arm-none-eabi/7.3.1/../../../../arm-none-eabi/lib/thumb/v6-m\libnosys.a(fstat.o)
                0x00001cc0                _fstat
 .text._isatty  0x00001cd0       0x10 d:/arm-gcc/bin/../lib/gcc/arm-none-eabi/7.3.1/../../../../arm-none-eabi/lib/thumb/v6-m\libnosys.a(isatty.o)
                0x00001cd0                _isatty
 .text._lseek   0x00001ce0       0x10 d:/arm-gcc/bin/../lib/gcc/arm-none-eabi/7.3.1/../../../../arm-none-eabi/lib/thumb/v6-m\libnosys.a(lseek.o)
                0x00001ce0                _lseek
 .text._read    0x00001cf0       0x10 d:/arm-gcc/bin/../lib/gcc/arm-none-eabi/7.3.1/../../../../arm-none-eabi/lib/thumb/v6-m\libnosys.a(read.o)
                0x00001cf0                _read
 .text._sbrk    0x00001d00       0x1c d:/arm-gcc/bin/../lib/gcc/arm-none-eabi/7.3.1/../../../../arm-none-eabi/lib/thumb/v6-m\libnosys.a(sbrk.o)
                0x00001d00                _sbrk
 .text._write   0x00001d1c       0x10 d:/arm-gcc/bin/../lib/gcc/arm-none-eabi/7.3.1/../../../../arm-none-eabi/lib/thumb/v6-m\libnosys.a(write.o)
                0x00001d1c                _write
 *(.init)
 *(.fini)
 *crtbegin.o(.ctors)
 *crtbegin?.o(.ctors)
 *(EXCLUDE_FILE(*crtend.o *crtend?.o) .ctors)
 *(SORT_BY_NAME(.ctors.*))
 *(.ctors)
 *crtbegin.o(.dtors)
 *crtbegin?.o(.dtors)
 *(EXCLUDE_FILE(*crtend.o *crtend?.o) .dtors)
 *(SORT_BY_NAME(.dtors.*))
 *(.dtors)
 *(.rodata*)
 .rodata.main.str1.1
                0x00001d2c       0x20 ./main.o
 .rodata.ASSERT_FAILED_STR
                0x00001d4c       0x23 ./nv32lib/common/assert.o
                0x00001d4c                ASSERT_FAILED_STR
 .rodata.print_sys_log.str1.1
                0x00001d6f      0x13e ./nv32lib/cpu/sysinit.o
 .rodata.GPIO_DeInit.str1.1
                0x00001ead       0x1c ./nv32lib/drivers/gpio/gpio.o
 .rodata.UART_Init.str1.1
                0x00001ec9       0x1c ./nv32lib/drivers/uart/uart.o
 *fill*         0x00001ee5        0x3 
 .rodata.__sf_fake_stderr
                0x00001ee8       0x20 d:/arm-gcc/bin/../lib/gcc/arm-none-eabi/7.3.1/../../../../arm-none-eabi/lib/thumb/v6-m\libg_nano.a(lib_a-findfp.o)
                0x00001ee8                __sf_fake_stderr
 .rodata.__sf_fake_stdin
                0x00001f08       0x20 d:/arm-gcc/bin/../lib/gcc/arm-none-eabi/7.3.1/../../../../arm-none-eabi/lib/thumb/v6-m\libg_nano.a(lib_a-findfp.o)
                0x00001f08                __sf_fake_stdin
 .rodata.__sf_fake_stdout
                0x00001f28       0x20 d:/arm-gcc/bin/../lib/gcc/arm-none-eabi/7.3.1/../../../../arm-none-eabi/lib/thumb/v6-m\libg_nano.a(lib_a-findfp.o)
                0x00001f28                __sf_fake_stdout
 .rodata._global_impure_ptr
                0x00001f48        0x4 d:/arm-gcc/bin/../lib/gcc/arm-none-eabi/7.3.1/../../../../arm-none-eabi/lib/thumb/v6-m\libg_nano.a(lib_a-impure.o)
                0x00001f48                _global_impure_ptr
 .rodata._vfprintf_r.str1.1
                0x00001f4c       0x11 d:/arm-gcc/bin/../lib/gcc/arm-none-eabi/7.3.1/../../../../arm-none-eabi/lib/thumb/v6-m\libg_nano.a(lib_a-nano-vfprintf.o)
 .rodata._printf_i.str1.1
                0x00001f5d       0x22 d:/arm-gcc/bin/../lib/gcc/arm-none-eabi/7.3.1/../../../../arm-none-eabi/lib/thumb/v6-m\libg_nano.a(lib_a-nano-vfprintf_i.o)
 *(.eh_frame*)

.glue_7         0x00001f80        0x0
 .glue_7        0x00001f80        0x0 linker stubs

.glue_7t        0x00001f80        0x0
 .glue_7t       0x00001f80        0x0 linker stubs

.vfp11_veneer   0x00001f80        0x0
 .vfp11_veneer  0x00001f80        0x0 linker stubs

.v4_bx          0x00001f80        0x0
 .v4_bx         0x00001f80        0x0 linker stubs

.iplt           0x00001f80        0x0
 .iplt          0x00001f80        0x0 ./nv32lib/cpu/startup_NV32_gcc.o

.rel.dyn        0x00001f80        0x0
 .rel.iplt      0x00001f80        0x0 ./nv32lib/cpu/startup_NV32_gcc.o

.ARM.extab
 *(.ARM.extab* .gnu.linkonce.armextab.*)
                0x00001f80                __exidx_start = .

.ARM.exidx
 *(.ARM.exidx* .gnu.linkonce.armexidx.*)
                0x00001f80                __exidx_end = .
                0x00001f80                . = ALIGN (0x4)
                0x00001f80                __etext = .

.data           0x1ffff0c0       0x64 load address 0x00001f80
                0x1ffff0c0                . = ALIGN (0x4)
                0x1ffff0c0                __data_start__ = .
 *(vtable)
 *(.data*)
 .data._impure_ptr
                0x1ffff0c0        0x4 d:/arm-gcc/bin/../lib/gcc/arm-none-eabi/7.3.1/../../../../arm-none-eabi/lib/thumb/v6-m\libg_nano.a(lib_a-impure.o)
                0x1ffff0c0                _impure_ptr
 .data.impure_data
                0x1ffff0c4       0x60 d:/arm-gcc/bin/../lib/gcc/arm-none-eabi/7.3.1/../../../../arm-none-eabi/lib/thumb/v6-m\libg_nano.a(lib_a-impure.o)
                0x1ffff124                . = ALIGN (0x4)
                [!provide]                PROVIDE (__preinit_array_start = .)
 *(.preinit_array)
                [!provide]                PROVIDE (__preinit_array_end = .)
                0x1ffff124                . = ALIGN (0x4)
                [!provide]                PROVIDE (__init_array_start = .)
 *(SORT_BY_NAME(.init_array.*))
 *(.init_array)
                [!provide]                PROVIDE (__init_array_end = .)
                0x1ffff124                . = ALIGN (0x4)
                [!provide]                PROVIDE (__fini_array_start = .)
 *(SORT_BY_NAME(.fini_array.*))
 *(.fini_array)
                [!provide]                PROVIDE (__fini_array_end = .)
                0x1ffff124                . = ALIGN (0x4)
                0x1ffff124                __data_end__ = .

.igot.plt       0x1ffff124        0x0 load address 0x00001fe4
 .igot.plt      0x1ffff124        0x0 ./nv32lib/cpu/startup_NV32_gcc.o

.bss            0x1ffff124       0x18 load address 0x00001fe4
                0x1ffff124                __bss_start__ = .
 *(.bss*)
 .bss.global_fail_count
                0x1ffff124        0x2 ./nv32lib/cpu/sysinit.o
                0x1ffff124                global_fail_count
 .bss.global_pass_count
                0x1ffff126        0x2 ./nv32lib/cpu/sysinit.o
                0x1ffff126                global_pass_count
 .bss.RTC_Callback
                0x1ffff128        0x4 ./nv32lib/drivers/rtc/rtc.o
                0x1ffff128                RTC_Callback
 .bss.__malloc_free_list
                0x1ffff12c        0x4 d:/arm-gcc/bin/../lib/gcc/arm-none-eabi/7.3.1/../../../../arm-none-eabi/lib/thumb/v6-m\libg_nano.a(lib_a-nano-mallocr.o)
                0x1ffff12c                __malloc_free_list
 .bss.__malloc_sbrk_start
                0x1ffff130        0x4 d:/arm-gcc/bin/../lib/gcc/arm-none-eabi/7.3.1/../../../../arm-none-eabi/lib/thumb/v6-m\libg_nano.a(lib_a-nano-mallocr.o)
                0x1ffff130                __malloc_sbrk_start
 .bss.heap_end.4102
                0x1ffff134        0x4 d:/arm-gcc/bin/../lib/gcc/arm-none-eabi/7.3.1/../../../../arm-none-eabi/lib/thumb/v6-m\libnosys.a(sbrk.o)
 *(COMMON)
 COMMON         0x1ffff138        0x4 d:/arm-gcc/bin/../lib/gcc/arm-none-eabi/7.3.1/../../../../arm-none-eabi/lib/thumb/v6-m\libg_nano.a(lib_a-reent.o)
                0x1ffff138                errno
                0x1ffff13c                __bss_end__ = .

.heap           0x1ffff140       0x80
                0x1ffff140                __end__ = .
                0x1ffff140                end = __end__
 *(.heap*)
 .heap          0x1ffff140       0x80 ./nv32lib/cpu/startup_NV32_gcc.o
                0x1ffff140                __HeapBase
                0x1ffff1c0                __HeapLimit = .

.stack_dummy    0x1ffff140       0x80
 *(.stack)
 .stack         0x1ffff140       0x80 ./nv32lib/cpu/startup_NV32_gcc.o
                0x20001000                __StackTop = (ORIGIN (RAM) + LENGTH (RAM))
                0x20000f80                __StackLimit = (__StackTop - SIZEOF (.stack_dummy))
                [!provide]                PROVIDE (__stack = __StackTop)
                0x00000001                ASSERT ((__StackLimit >= __HeapLimit), region RAM overflowed with stack)
START GROUP
LOAD d:/arm-gcc/bin/../lib/gcc/arm-none-eabi/7.3.1/thumb/v6-m\libgcc.a
LOAD d:/arm-gcc/bin/../lib/gcc/arm-none-eabi/7.3.1/../../../../arm-none-eabi/lib/thumb/v6-m\libg_nano.a
LOAD d:/arm-gcc/bin/../lib/gcc/arm-none-eabi/7.3.1/../../../../arm-none-eabi/lib/thumb/v6-m\libc_nano.a
END GROUP
START GROUP
LOAD d:/arm-gcc/bin/../lib/gcc/arm-none-eabi/7.3.1/thumb/v6-m\libgcc.a
LOAD d:/arm-gcc/bin/../lib/gcc/arm-none-eabi/7.3.1/../../../../arm-none-eabi/lib/thumb/v6-m\libc_nano.a
LOAD d:/arm-gcc/bin/../lib/gcc/arm-none-eabi/7.3.1/../../../../arm-none-eabi/lib/thumb/v6-m\libnosys.a
END GROUP
START GROUP
LOAD d:/arm-gcc/bin/../lib/gcc/arm-none-eabi/7.3.1/thumb/v6-m\libgcc.a
LOAD d:/arm-gcc/bin/../lib/gcc/arm-none-eabi/7.3.1/../../../../arm-none-eabi/lib/thumb/v6-m\libc_nano.a
LOAD d:/arm-gcc/bin/../lib/gcc/arm-none-eabi/7.3.1/../../../../arm-none-eabi/lib/thumb/v6-m\libnosys.a
END GROUP
OUTPUT(nv32-gcc-example.elf elf32-littlearm)

.ARM.attributes
                0x00000000       0x2e
 .ARM.attributes
                0x00000000       0x1b ./nv32lib/cpu/startup_NV32_gcc.o
 .ARM.attributes
                0x0000001b       0x32 ./main.o
 .ARM.attributes
                0x0000004d       0x32 ./nv32lib/common/assert.o
 .ARM.attributes
                0x0000007f       0x32 ./nv32lib/cpu/start.o
 .ARM.attributes
                0x000000b1       0x32 ./nv32lib/cpu/sysinit.o
 .ARM.attributes
                0x000000e3       0x32 ./nv32lib/drivers/gpio/gpio.o
 .ARM.attributes
                0x00000115       0x32 ./nv32lib/drivers/ics/ics.o
 .ARM.attributes
                0x00000147       0x32 ./nv32lib/drivers/rtc/rtc.o
 .ARM.attributes
                0x00000179       0x32 ./nv32lib/drivers/sim/sim.o
 .ARM.attributes
                0x000001ab       0x32 ./nv32lib/drivers/uart/uart.o
 .ARM.attributes
                0x000001dd       0x32 ./nv32lib/drivers/wdog/wdog.o
 .ARM.attributes
                0x0000020f       0x1e d:/arm-gcc/bin/../lib/gcc/arm-none-eabi/7.3.1/thumb/v6-m\libgcc.a(_udivsi3.o)
 .ARM.attributes
                0x0000022d       0x1e d:/arm-gcc/bin/../lib/gcc/arm-none-eabi/7.3.1/thumb/v6-m\libgcc.a(_dvmd_tls.o)
 .ARM.attributes
                0x0000024b       0x2c d:/arm-gcc/bin/../lib/gcc/arm-none-eabi/7.3.1/../../../../arm-none-eabi/lib/thumb/v6-m\libg_nano.a(lib_a-memset.o)
 .ARM.attributes
                0x00000277       0x2c d:/arm-gcc/bin/../lib/gcc/arm-none-eabi/7.3.1/../../../../arm-none-eabi/lib/thumb/v6-m\libg_nano.a(lib_a-printf.o)
 .ARM.attributes
                0x000002a3       0x2c d:/arm-gcc/bin/../lib/gcc/arm-none-eabi/7.3.1/../../../../arm-none-eabi/lib/thumb/v6-m\libg_nano.a(lib_a-puts.o)
 .ARM.attributes
                0x000002cf       0x2c d:/arm-gcc/bin/../lib/gcc/arm-none-eabi/7.3.1/../../../../arm-none-eabi/lib/thumb/v6-m\libg_nano.a(lib_a-wbuf.o)
 .ARM.attributes
                0x000002fb       0x2c d:/arm-gcc/bin/../lib/gcc/arm-none-eabi/7.3.1/../../../../arm-none-eabi/lib/thumb/v6-m\libg_nano.a(lib_a-wsetup.o)
 .ARM.attributes
                0x00000327       0x2c d:/arm-gcc/bin/../lib/gcc/arm-none-eabi/7.3.1/../../../../arm-none-eabi/lib/thumb/v6-m\libg_nano.a(lib_a-fflush.o)
 .ARM.attributes
                0x00000353       0x2c d:/arm-gcc/bin/../lib/gcc/arm-none-eabi/7.3.1/../../../../arm-none-eabi/lib/thumb/v6-m\libg_nano.a(lib_a-findfp.o)
 .ARM.attributes
                0x0000037f       0x2c d:/arm-gcc/bin/../lib/gcc/arm-none-eabi/7.3.1/../../../../arm-none-eabi/lib/thumb/v6-m\libg_nano.a(lib_a-fwalk.o)
 .ARM.attributes
                0x000003ab       0x2c d:/arm-gcc/bin/../lib/gcc/arm-none-eabi/7.3.1/../../../../arm-none-eabi/lib/thumb/v6-m\libg_nano.a(lib_a-impure.o)
 .ARM.attributes
                0x000003d7       0x2c d:/arm-gcc/bin/../lib/gcc/arm-none-eabi/7.3.1/../../../../arm-none-eabi/lib/thumb/v6-m\libg_nano.a(lib_a-makebuf.o)
 .ARM.attributes
                0x00000403       0x2c d:/arm-gcc/bin/../lib/gcc/arm-none-eabi/7.3.1/../../../../arm-none-eabi/lib/thumb/v6-m\libg_nano.a(lib_a-nano-freer.o)
 .ARM.attributes
                0x0000042f       0x2c d:/arm-gcc/bin/../lib/gcc/arm-none-eabi/7.3.1/../../../../arm-none-eabi/lib/thumb/v6-m\libg_nano.a(lib_a-nano-mallocr.o)
 .ARM.attributes
                0x0000045b       0x2c d:/arm-gcc/bin/../lib/gcc/arm-none-eabi/7.3.1/../../../../arm-none-eabi/lib/thumb/v6-m\libg_nano.a(lib_a-nano-vfprintf.o)
 .ARM.attributes
                0x00000487       0x2c d:/arm-gcc/bin/../lib/gcc/arm-none-eabi/7.3.1/../../../../arm-none-eabi/lib/thumb/v6-m\libg_nano.a(lib_a-nano-vfprintf_i.o)
 .ARM.attributes
                0x000004b3       0x2c d:/arm-gcc/bin/../lib/gcc/arm-none-eabi/7.3.1/../../../../arm-none-eabi/lib/thumb/v6-m\libg_nano.a(lib_a-sbrkr.o)
 .ARM.attributes
                0x000004df       0x2c d:/arm-gcc/bin/../lib/gcc/arm-none-eabi/7.3.1/../../../../arm-none-eabi/lib/thumb/v6-m\libg_nano.a(lib_a-stdio.o)
 .ARM.attributes
                0x0000050b       0x2c d:/arm-gcc/bin/../lib/gcc/arm-none-eabi/7.3.1/../../../../arm-none-eabi/lib/thumb/v6-m\libg_nano.a(lib_a-writer.o)
 .ARM.attributes
                0x00000537       0x2c d:/arm-gcc/bin/../lib/gcc/arm-none-eabi/7.3.1/../../../../arm-none-eabi/lib/thumb/v6-m\libg_nano.a(lib_a-closer.o)
 .ARM.attributes
                0x00000563       0x2c d:/arm-gcc/bin/../lib/gcc/arm-none-eabi/7.3.1/../../../../arm-none-eabi/lib/thumb/v6-m\libg_nano.a(lib_a-fstatr.o)
 .ARM.attributes
                0x0000058f       0x2c d:/arm-gcc/bin/../lib/gcc/arm-none-eabi/7.3.1/../../../../arm-none-eabi/lib/thumb/v6-m\libg_nano.a(lib_a-isattyr.o)
 .ARM.attributes
                0x000005bb       0x2c d:/arm-gcc/bin/../lib/gcc/arm-none-eabi/7.3.1/../../../../arm-none-eabi/lib/thumb/v6-m\libg_nano.a(lib_a-lseekr.o)
 .ARM.attributes
                0x000005e7       0x2c d:/arm-gcc/bin/../lib/gcc/arm-none-eabi/7.3.1/../../../../arm-none-eabi/lib/thumb/v6-m\libg_nano.a(lib_a-memchr-stub.o)
 .ARM.attributes
                0x00000613       0x2c d:/arm-gcc/bin/../lib/gcc/arm-none-eabi/7.3.1/../../../../arm-none-eabi/lib/thumb/v6-m\libg_nano.a(lib_a-mlock.o)
 .ARM.attributes
                0x0000063f       0x2c d:/arm-gcc/bin/../lib/gcc/arm-none-eabi/7.3.1/../../../../arm-none-eabi/lib/thumb/v6-m\libg_nano.a(lib_a-readr.o)
 .ARM.attributes
                0x0000066b       0x2c d:/arm-gcc/bin/../lib/gcc/arm-none-eabi/7.3.1/../../../../arm-none-eabi/lib/thumb/v6-m\libg_nano.a(lib_a-reent.o)
 .ARM.attributes
                0x00000697       0x2c d:/arm-gcc/bin/../lib/gcc/arm-none-eabi/7.3.1/../../../../arm-none-eabi/lib/thumb/v6-m\libnosys.a(close.o)
 .ARM.attributes
                0x000006c3       0x2c d:/arm-gcc/bin/../lib/gcc/arm-none-eabi/7.3.1/../../../../arm-none-eabi/lib/thumb/v6-m\libnosys.a(fstat.o)
 .ARM.attributes
                0x000006ef       0x2c d:/arm-gcc/bin/../lib/gcc/arm-none-eabi/7.3.1/../../../../arm-none-eabi/lib/thumb/v6-m\libnosys.a(isatty.o)
 .ARM.attributes
                0x0000071b       0x2c d:/arm-gcc/bin/../lib/gcc/arm-none-eabi/7.3.1/../../../../arm-none-eabi/lib/thumb/v6-m\libnosys.a(lseek.o)
 .ARM.attributes
                0x00000747       0x2c d:/arm-gcc/bin/../lib/gcc/arm-none-eabi/7.3.1/../../../../arm-none-eabi/lib/thumb/v6-m\libnosys.a(read.o)
 .ARM.attributes
                0x00000773       0x2c d:/arm-gcc/bin/../lib/gcc/arm-none-eabi/7.3.1/../../../../arm-none-eabi/lib/thumb/v6-m\libnosys.a(sbrk.o)
 .ARM.attributes
                0x0000079f       0x2c d:/arm-gcc/bin/../lib/gcc/arm-none-eabi/7.3.1/../../../../arm-none-eabi/lib/thumb/v6-m\libnosys.a(write.o)

.comment        0x00000000       0x7f
 .comment       0x00000000       0x7f ./main.o
                                 0x80 (size before relaxing)
 .comment       0x0000007f       0x80 ./nv32lib/common/assert.o
 .comment       0x0000007f       0x80 ./nv32lib/cpu/start.o
 .comment       0x0000007f       0x80 ./nv32lib/cpu/sysinit.o
 .comment       0x0000007f       0x80 ./nv32lib/drivers/gpio/gpio.o
 .comment       0x0000007f       0x80 ./nv32lib/drivers/ics/ics.o
 .comment       0x0000007f       0x80 ./nv32lib/drivers/rtc/rtc.o
 .comment       0x0000007f       0x80 ./nv32lib/drivers/sim/sim.o
 .comment       0x0000007f       0x80 ./nv32lib/drivers/uart/uart.o
 .comment       0x0000007f       0x80 ./nv32lib/drivers/wdog/wdog.o

.debug_line     0x00000000     0x174f
 .debug_line    0x00000000       0x9b ./nv32lib/cpu/startup_NV32_gcc.o
 .debug_line    0x0000009b      0x170 ./main.o
 .debug_line    0x0000020b       0xe1 ./nv32lib/common/assert.o
 .debug_line    0x000002ec      0x125 ./nv32lib/cpu/start.o
 .debug_line    0x00000411      0x21e ./nv32lib/cpu/sysinit.o
 .debug_line    0x0000062f      0x2f4 ./nv32lib/drivers/gpio/gpio.o
 .debug_line    0x00000923      0x49d ./nv32lib/drivers/ics/ics.o
 .debug_line    0x00000dc0      0x1e6 ./nv32lib/drivers/rtc/rtc.o
 .debug_line    0x00000fa6      0x17a ./nv32lib/drivers/sim/sim.o
 .debug_line    0x00001120      0x37b ./nv32lib/drivers/uart/uart.o
 .debug_line    0x0000149b      0x2b4 ./nv32lib/drivers/wdog/wdog.o

.debug_info     0x00000000     0x3b2e
 .debug_info    0x00000000       0x22 ./nv32lib/cpu/startup_NV32_gcc.o
 .debug_info    0x00000022      0x53e ./main.o
 .debug_info    0x00000560      0x140 ./nv32lib/common/assert.o
 .debug_info    0x000006a0      0x105 ./nv32lib/cpu/start.o
 .debug_info    0x000007a5      0x841 ./nv32lib/cpu/sysinit.o
 .debug_info    0x00000fe6      0x87b ./nv32lib/drivers/gpio/gpio.o
 .debug_info    0x00001861      0x7bd ./nv32lib/drivers/ics/ics.o
 .debug_info    0x0000201e      0x6d9 ./nv32lib/drivers/rtc/rtc.o
 .debug_info    0x000026f7      0x3ed ./nv32lib/drivers/sim/sim.o
 .debug_info    0x00002ae4      0x991 ./nv32lib/drivers/uart/uart.o
 .debug_info    0x00003475      0x6b9 ./nv32lib/drivers/wdog/wdog.o

.debug_abbrev   0x00000000     0x11b2
 .debug_abbrev  0x00000000       0x12 ./nv32lib/cpu/startup_NV32_gcc.o
 .debug_abbrev  0x00000012      0x1ac ./main.o
 .debug_abbrev  0x000001be       0xde ./nv32lib/common/assert.o
 .debug_abbrev  0x0000029c       0x81 ./nv32lib/cpu/start.o
 .debug_abbrev  0x0000031d      0x1a4 ./nv32lib/cpu/sysinit.o
 .debug_abbrev  0x000004c1      0x165 ./nv32lib/drivers/gpio/gpio.o
 .debug_abbrev  0x00000626      0x26c ./nv32lib/drivers/ics/ics.o
 .debug_abbrev  0x00000892      0x28d ./nv32lib/drivers/rtc/rtc.o
 .debug_abbrev  0x00000b1f      0x184 ./nv32lib/drivers/sim/sim.o
 .debug_abbrev  0x00000ca3      0x36f ./nv32lib/drivers/uart/uart.o
 .debug_abbrev  0x00001012      0x1a0 ./nv32lib/drivers/wdog/wdog.o

.debug_aranges  0x00000000      0x360
 .debug_aranges
                0x00000000       0x28 ./nv32lib/cpu/startup_NV32_gcc.o
 .debug_aranges
                0x00000028       0x28 ./main.o
 .debug_aranges
                0x00000050       0x20 ./nv32lib/common/assert.o
 .debug_aranges
                0x00000070       0x28 ./nv32lib/cpu/start.o
 .debug_aranges
                0x00000098       0x38 ./nv32lib/cpu/sysinit.o
 .debug_aranges
                0x000000d0       0x68 ./nv32lib/drivers/gpio/gpio.o
 .debug_aranges
                0x00000138       0xd0 ./nv32lib/drivers/ics/ics.o
 .debug_aranges
                0x00000208       0x38 ./nv32lib/drivers/rtc/rtc.o
 .debug_aranges
                0x00000240       0x38 ./nv32lib/drivers/sim/sim.o
 .debug_aranges
                0x00000278       0x90 ./nv32lib/drivers/uart/uart.o
 .debug_aranges
                0x00000308       0x58 ./nv32lib/drivers/wdog/wdog.o

.debug_str      0x00000000     0x18d1
 .debug_str     0x00000000       0x50 ./nv32lib/cpu/startup_NV32_gcc.o
 .debug_str     0x00000050      0x64d ./main.o
                                0x6c0 (size before relaxing)
 .debug_str     0x0000069d       0x49 ./nv32lib/common/assert.o
                                0x1c8 (size before relaxing)
 .debug_str     0x000006e6       0x42 ./nv32lib/cpu/start.o
                                0x1c6 (size before relaxing)
 .debug_str     0x00000728      0x308 ./nv32lib/cpu/sysinit.o
                                0x4cd (size before relaxing)
 .debug_str     0x00000a30      0x38e ./nv32lib/drivers/gpio/gpio.o
                                0x985 (size before relaxing)
 .debug_str     0x00000dbe      0x1ff ./nv32lib/drivers/ics/ics.o
                                0x42e (size before relaxing)
 .debug_str     0x00000fbd      0x382 ./nv32lib/drivers/rtc/rtc.o
                                0x5c7 (size before relaxing)
 .debug_str     0x0000133f       0x88 ./nv32lib/drivers/sim/sim.o
                                0x367 (size before relaxing)
 .debug_str     0x000013c7      0x39c ./nv32lib/drivers/uart/uart.o
                                0x618 (size before relaxing)
 .debug_str     0x00001763      0x16e ./nv32lib/drivers/wdog/wdog.o
                                0x35a (size before relaxing)

.debug_ranges   0x00000000      0x328
 .debug_ranges  0x00000000       0x20 ./nv32lib/cpu/startup_NV32_gcc.o
 .debug_ranges  0x00000020       0x18 ./main.o
 .debug_ranges  0x00000038       0x10 ./nv32lib/common/assert.o
 .debug_ranges  0x00000048       0x18 ./nv32lib/cpu/start.o
 .debug_ranges  0x00000060       0x28 ./nv32lib/cpu/sysinit.o
 .debug_ranges  0x00000088       0x58 ./nv32lib/drivers/gpio/gpio.o
 .debug_ranges  0x000000e0       0xc0 ./nv32lib/drivers/ics/ics.o
 .debug_ranges  0x000001a0       0x68 ./nv32lib/drivers/rtc/rtc.o
 .debug_ranges  0x00000208       0x28 ./nv32lib/drivers/sim/sim.o
 .debug_ranges  0x00000230       0xb0 ./nv32lib/drivers/uart/uart.o
 .debug_ranges  0x000002e0       0x48 ./nv32lib/drivers/wdog/wdog.o

.debug_loc      0x00000000     0x1874
 .debug_loc     0x00000000       0x60 ./main.o
 .debug_loc     0x00000060       0x78 ./nv32lib/common/assert.o
 .debug_loc     0x000000d8       0x40 ./nv32lib/cpu/start.o
 .debug_loc     0x00000118      0x1a4 ./nv32lib/cpu/sysinit.o
 .debug_loc     0x000002bc      0x526 ./nv32lib/drivers/gpio/gpio.o
 .debug_loc     0x000007e2      0x404 ./nv32lib/drivers/ics/ics.o
 .debug_loc     0x00000be6      0x167 ./nv32lib/drivers/rtc/rtc.o
 .debug_loc     0x00000d4d      0x1c8 ./nv32lib/drivers/sim/sim.o
 .debug_loc     0x00000f15      0x629 ./nv32lib/drivers/uart/uart.o
 .debug_loc     0x0000153e      0x336 ./nv32lib/drivers/wdog/wdog.o

.debug_frame    0x00000000     0x104c
 .debug_frame   0x00000000       0x4c ./main.o
 .debug_frame   0x0000004c       0x2c ./nv32lib/common/assert.o
 .debug_frame   0x00000078       0x48 ./nv32lib/cpu/start.o
 .debug_frame   0x000000c0       0xa0 ./nv32lib/cpu/sysinit.o
 .debug_frame   0x00000160      0x140 ./nv32lib/drivers/gpio/gpio.o
 .debug_frame   0x000002a0      0x240 ./nv32lib/drivers/ics/ics.o
 .debug_frame   0x000004e0       0x68 ./nv32lib/drivers/rtc/rtc.o
 .debug_frame   0x00000548       0x6c ./nv32lib/drivers/sim/sim.o
 .debug_frame   0x000005b4      0x1a8 ./nv32lib/drivers/uart/uart.o
 .debug_frame   0x0000075c       0xd0 ./nv32lib/drivers/wdog/wdog.o
 .debug_frame   0x0000082c       0x20 d:/arm-gcc/bin/../lib/gcc/arm-none-eabi/7.3.1/thumb/v6-m\libgcc.a(_udivsi3.o)
 .debug_frame   0x0000084c       0x20 d:/arm-gcc/bin/../lib/gcc/arm-none-eabi/7.3.1/../../../../arm-none-eabi/lib/thumb/v6-m\libg_nano.a(lib_a-memset.o)
 .debug_frame   0x0000086c       0x50 d:/arm-gcc/bin/../lib/gcc/arm-none-eabi/7.3.1/../../../../arm-none-eabi/lib/thumb/v6-m\libg_nano.a(lib_a-printf.o)
 .debug_frame   0x000008bc       0x44 d:/arm-gcc/bin/../lib/gcc/arm-none-eabi/7.3.1/../../../../arm-none-eabi/lib/thumb/v6-m\libg_nano.a(lib_a-puts.o)
 .debug_frame   0x00000900       0x48 d:/arm-gcc/bin/../lib/gcc/arm-none-eabi/7.3.1/../../../../arm-none-eabi/lib/thumb/v6-m\libg_nano.a(lib_a-wbuf.o)
 .debug_frame   0x00000948       0x2c d:/arm-gcc/bin/../lib/gcc/arm-none-eabi/7.3.1/../../../../arm-none-eabi/lib/thumb/v6-m\libg_nano.a(lib_a-wsetup.o)
 .debug_frame   0x00000974       0x68 d:/arm-gcc/bin/../lib/gcc/arm-none-eabi/7.3.1/../../../../arm-none-eabi/lib/thumb/v6-m\libg_nano.a(lib_a-fflush.o)
 .debug_frame   0x000009dc      0x140 d:/arm-gcc/bin/../lib/gcc/arm-none-eabi/7.3.1/../../../../arm-none-eabi/lib/thumb/v6-m\libg_nano.a(lib_a-findfp.o)
 .debug_frame   0x00000b1c       0x58 d:/arm-gcc/bin/../lib/gcc/arm-none-eabi/7.3.1/../../../../arm-none-eabi/lib/thumb/v6-m\libg_nano.a(lib_a-fwalk.o)
 .debug_frame   0x00000b74       0x54 d:/arm-gcc/bin/../lib/gcc/arm-none-eabi/7.3.1/../../../../arm-none-eabi/lib/thumb/v6-m\libg_nano.a(lib_a-makebuf.o)
 .debug_frame   0x00000bc8       0x2c d:/arm-gcc/bin/../lib/gcc/arm-none-eabi/7.3.1/../../../../arm-none-eabi/lib/thumb/v6-m\libg_nano.a(lib_a-nano-freer.o)
 .debug_frame   0x00000bf4       0x2c d:/arm-gcc/bin/../lib/gcc/arm-none-eabi/7.3.1/../../../../arm-none-eabi/lib/thumb/v6-m\libg_nano.a(lib_a-nano-mallocr.o)
 .debug_frame   0x00000c20       0x9c d:/arm-gcc/bin/../lib/gcc/arm-none-eabi/7.3.1/../../../../arm-none-eabi/lib/thumb/v6-m\libg_nano.a(lib_a-nano-vfprintf.o)
 .debug_frame   0x00000cbc       0x54 d:/arm-gcc/bin/../lib/gcc/arm-none-eabi/7.3.1/../../../../arm-none-eabi/lib/thumb/v6-m\libg_nano.a(lib_a-nano-vfprintf_i.o)
 .debug_frame   0x00000d10       0x2c d:/arm-gcc/bin/../lib/gcc/arm-none-eabi/7.3.1/../../../../arm-none-eabi/lib/thumb/v6-m\libg_nano.a(lib_a-sbrkr.o)
 .debug_frame   0x00000d3c       0x90 d:/arm-gcc/bin/../lib/gcc/arm-none-eabi/7.3.1/../../../../arm-none-eabi/lib/thumb/v6-m\libg_nano.a(lib_a-stdio.o)
 .debug_frame   0x00000dcc       0x2c d:/arm-gcc/bin/../lib/gcc/arm-none-eabi/7.3.1/../../../../arm-none-eabi/lib/thumb/v6-m\libg_nano.a(lib_a-writer.o)
 .debug_frame   0x00000df8       0x2c d:/arm-gcc/bin/../lib/gcc/arm-none-eabi/7.3.1/../../../../arm-none-eabi/lib/thumb/v6-m\libg_nano.a(lib_a-closer.o)
 .debug_frame   0x00000e24       0x2c d:/arm-gcc/bin/../lib/gcc/arm-none-eabi/7.3.1/../../../../arm-none-eabi/lib/thumb/v6-m\libg_nano.a(lib_a-fstatr.o)
 .debug_frame   0x00000e50       0x2c d:/arm-gcc/bin/../lib/gcc/arm-none-eabi/7.3.1/../../../../arm-none-eabi/lib/thumb/v6-m\libg_nano.a(lib_a-isattyr.o)
 .debug_frame   0x00000e7c       0x2c d:/arm-gcc/bin/../lib/gcc/arm-none-eabi/7.3.1/../../../../arm-none-eabi/lib/thumb/v6-m\libg_nano.a(lib_a-lseekr.o)
 .debug_frame   0x00000ea8       0x20 d:/arm-gcc/bin/../lib/gcc/arm-none-eabi/7.3.1/../../../../arm-none-eabi/lib/thumb/v6-m\libg_nano.a(lib_a-memchr-stub.o)
 .debug_frame   0x00000ec8       0x30 d:/arm-gcc/bin/../lib/gcc/arm-none-eabi/7.3.1/../../../../arm-none-eabi/lib/thumb/v6-m\libg_nano.a(lib_a-mlock.o)
 .debug_frame   0x00000ef8       0x2c d:/arm-gcc/bin/../lib/gcc/arm-none-eabi/7.3.1/../../../../arm-none-eabi/lib/thumb/v6-m\libg_nano.a(lib_a-readr.o)
 .debug_frame   0x00000f24       0x48 d:/arm-gcc/bin/../lib/gcc/arm-none-eabi/7.3.1/../../../../arm-none-eabi/lib/thumb/v6-m\libg_nano.a(lib_a-reent.o)
 .debug_frame   0x00000f6c       0x20 d:/arm-gcc/bin/../lib/gcc/arm-none-eabi/7.3.1/../../../../arm-none-eabi/lib/thumb/v6-m\libnosys.a(close.o)
 .debug_frame   0x00000f8c       0x20 d:/arm-gcc/bin/../lib/gcc/arm-none-eabi/7.3.1/../../../../arm-none-eabi/lib/thumb/v6-m\libnosys.a(fstat.o)
 .debug_frame   0x00000fac       0x20 d:/arm-gcc/bin/../lib/gcc/arm-none-eabi/7.3.1/../../../../arm-none-eabi/lib/thumb/v6-m\libnosys.a(isatty.o)
 .debug_frame   0x00000fcc       0x20 d:/arm-gcc/bin/../lib/gcc/arm-none-eabi/7.3.1/../../../../arm-none-eabi/lib/thumb/v6-m\libnosys.a(lseek.o)
 .debug_frame   0x00000fec       0x20 d:/arm-gcc/bin/../lib/gcc/arm-none-eabi/7.3.1/../../../../arm-none-eabi/lib/thumb/v6-m\libnosys.a(read.o)
 .debug_frame   0x0000100c       0x20 d:/arm-gcc/bin/../lib/gcc/arm-none-eabi/7.3.1/../../../../arm-none-eabi/lib/thumb/v6-m\libnosys.a(sbrk.o)
 .debug_frame   0x0000102c       0x20 d:/arm-gcc/bin/../lib/gcc/arm-none-eabi/7.3.1/../../../../arm-none-eabi/lib/thumb/v6-m\libnosys.a(write.o)

.stab           0x00000000       0x9c
 .stab          0x00000000       0x24 d:/arm-gcc/bin/../lib/gcc/arm-none-eabi/7.3.1/../../../../arm-none-eabi/lib/thumb/v6-m\libnosys.a(close.o)
 .stab          0x00000024       0x18 d:/arm-gcc/bin/../lib/gcc/arm-none-eabi/7.3.1/../../../../arm-none-eabi/lib/thumb/v6-m\libnosys.a(fstat.o)
                                 0x24 (size before relaxing)
 .stab          0x0000003c       0x18 d:/arm-gcc/bin/../lib/gcc/arm-none-eabi/7.3.1/../../../../arm-none-eabi/lib/thumb/v6-m\libnosys.a(isatty.o)
                                 0x24 (size before relaxing)
 .stab          0x00000054       0x18 d:/arm-gcc/bin/../lib/gcc/arm-none-eabi/7.3.1/../../../../arm-none-eabi/lib/thumb/v6-m\libnosys.a(lseek.o)
                                 0x24 (size before relaxing)
 .stab          0x0000006c       0x18 d:/arm-gcc/bin/../lib/gcc/arm-none-eabi/7.3.1/../../../../arm-none-eabi/lib/thumb/v6-m\libnosys.a(read.o)
                                 0x24 (size before relaxing)
 .stab          0x00000084       0x18 d:/arm-gcc/bin/../lib/gcc/arm-none-eabi/7.3.1/../../../../arm-none-eabi/lib/thumb/v6-m\libnosys.a(write.o)
                                 0x24 (size before relaxing)

.stabstr        0x00000000      0x14d
 .stabstr       0x00000000      0x14d d:/arm-gcc/bin/../lib/gcc/arm-none-eabi/7.3.1/../../../../arm-none-eabi/lib/thumb/v6-m\libnosys.a(close.o)

Cross Reference Table

Symbol                                            File
ACMP0_IRQHandler                                  ./nv32lib/cpu/startup_NV32_gcc.o
ACMP0_Isr                                         ./nv32lib/drivers/acmp/acmp.o
ACMP1_IRQHandler                                  ./nv32lib/cpu/startup_NV32_gcc.o
ACMP1_Isr                                         ./nv32lib/drivers/acmp/acmp.o
ACMP_Callback                                     ./nv32lib/drivers/acmp/acmp.o
ACMP_ConfigDAC                                    ./nv32lib/drivers/acmp/acmp.o
ACMP_DeInit                                       ./nv32lib/drivers/acmp/acmp.o
ACMP_Init                                         ./nv32lib/drivers/acmp/acmp.o
ACMP_SetCallback                                  ./nv32lib/drivers/acmp/acmp.o
ADC0_IRQHandler                                   ./nv32lib/cpu/startup_NV32_gcc.o
ADC_Callback                                      ./nv32lib/drivers/adc/adc.o
ADC_DeInit                                        ./nv32lib/drivers/adc/adc.o
ADC_Init                                          ./nv32lib/drivers/adc/adc.o
ADC_Isr                                           ./nv32lib/drivers/adc/adc.o
ADC_PollRead                                      ./nv32lib/drivers/adc/adc.o
ADC_SelectClock                                   ./nv32lib/drivers/adc/adc.o
ADC_SelectClockDivide                             ./nv32lib/drivers/adc/adc.o
ADC_SetCallBack                                   ./nv32lib/drivers/adc/adc.o
ADC_SetChannel                                    ./nv32lib/drivers/adc/adc.o
ADC_SetFifoLevel                                  ./nv32lib/drivers/adc/adc.o
ADC_SetMode                                       ./nv32lib/drivers/adc/adc.o
ADC_VrefSelect                                    ./nv32lib/drivers/adc/adc.o
ASSERT_FAILED_STR                                 ./nv32lib/common/assert.o
CRC_Cal16                                         ./nv32lib/drivers/crc/crc.o
CRC_Cal32                                         ./nv32lib/drivers/crc/crc.o
CRC_DeInit                                        ./nv32lib/drivers/crc/crc.o
CRC_Init                                          ./nv32lib/drivers/crc/crc.o
DEF_IRQHandler                                    ./nv32lib/cpu/startup_NV32_gcc.o
Default_Handler                                   ./nv32lib/cpu/startup_NV32_gcc.o
DelayInit                                         ./nv32lib/drivers/delay/delay.o
DelayMs                                           ./nv32lib/drivers/delay/delay.o
DelayUs                                           ./nv32lib/drivers/delay/delay.o
EFM_LaunchCMD                                     ./nv32lib/drivers/nvm/flash.o
ETM0_IRQHandler                                   ./nv32lib/cpu/startup_NV32_gcc.o
ETM0_Isr                                          ./nv32lib/drivers/etm/etm.o
ETM1_IRQHandler                                   ./nv32lib/cpu/startup_NV32_gcc.o
ETM1_Isr                                          ./nv32lib/drivers/etm/etm.o
ETM2_IRQHandler                                   ./nv32lib/cpu/startup_NV32_gcc.o
ETM2_Isr                                          ./nv32lib/drivers/etm/etm.o
ETMRH_IRQHandler                                  ./nv32lib/cpu/startup_NV32_gcc.o
ETM_Callback                                      ./nv32lib/drivers/etm/etm.o
ETM_ChannelInit                                   ./nv32lib/drivers/etm/etm.o
ETM_ClockSet                                      ./nv32lib/drivers/etm/etm.o
ETM_DeInit                                        ./nv32lib/drivers/etm/etm.o
ETM_DualEdgeCaptureInit                           ./nv32lib/drivers/etm/etm.o
ETM_GenerateTrig2                                 ./nv32lib/drivers/etm/etm.o
ETM_HardwareSync                                  ./nv32lib/drivers/etm/etm.o
ETM_HardwareSyncCombine                           ./nv32lib/drivers/etm/etm.o
ETM_Init                                          ./nv32lib/drivers/etm/etm.o
ETM_InputCaptureInit                              ./nv32lib/drivers/etm/etm.o
ETM_InvertChannel                                 ./nv32lib/drivers/etm/etm.o
ETM_OutputCompareInit                             ./nv32lib/drivers/etm/etm.o
ETM_OutputMaskSet                                 ./nv32lib/drivers/etm/etm.o
ETM_PWMDeadETMeSet                                ./nv32lib/drivers/etm/etm.o
ETM_PWMInit                                       ./nv32lib/drivers/etm/etm.o
ETM_PolaritySet                                   ./nv32lib/drivers/etm/etm.o
ETM_SWOutputControlSet                            ./nv32lib/drivers/etm/etm.o
ETM_SetCallback                                   ./nv32lib/drivers/etm/etm.o
ETM_SetDebugModeBehavior                          ./nv32lib/drivers/etm/etm.o
ETM_SetDutyCycleCombine                           ./nv32lib/drivers/etm/etm.o
ETM_SetTOFFrequency                               ./nv32lib/drivers/etm/etm.o
ETM_SoftwareSync                                  ./nv32lib/drivers/etm/etm.o
ETM_SyncConfigActivate                            ./nv32lib/drivers/etm/etm.o
ETM_SyncConfigDeactivate                          ./nv32lib/drivers/etm/etm.o
ETM_disblechannel                                 ./nv32lib/drivers/etm/etm.o
FBELP_to_FBE                                      ./nv32lib/drivers/ics/ics.o
FBE_to_FBELP                                      ./nv32lib/drivers/ics/ics.o
FBE_to_FBI                                        ./nv32lib/drivers/ics/ics.o
FBE_to_FEE                                        ./nv32lib/drivers/ics/ics.o
FBE_to_FEI                                        ./nv32lib/drivers/ics/ics.o
FBILP_to_FBI                                      ./nv32lib/drivers/ics/ics.o
FBI_to_FBE                                        ./nv32lib/drivers/ics/ics.o
FBI_to_FBILP                                      ./nv32lib/drivers/ics/ics.o
FBI_to_FEE                                        ./nv32lib/drivers/ics/ics.o
FBI_to_FEI                                        ./nv32lib/drivers/ics/ics.o
FEE_to_FBE                                        ./nv32lib/drivers/ics/ics.o
FEE_to_FBI                                        ./nv32lib/drivers/ics/ics.o
FEE_to_FEI                                        ./nv32lib/drivers/ics/ics.o
FEI_to_FBE                                        ./nv32lib/drivers/ics/ics.o
FEI_to_FBE_OSC                                    ./nv32lib/drivers/ics/ics.o
FEI_to_FBI                                        ./nv32lib/drivers/ics/ics.o
FEI_to_FEE                                        ./nv32lib/drivers/ics/ics.o
FEI_to_FEE_OSC                                    ./nv32lib/drivers/ics/ics.o
Flash_EraseSector                                 ./nv32lib/drivers/nvm/flash.o
Flash_Init                                        ./nv32lib/drivers/nvm/flash.o
Flash_Program                                     ./nv32lib/drivers/nvm/flash.o
Flash_Program1LongWord                            ./nv32lib/drivers/nvm/flash.o
Flash_Program2LongWords                           ./nv32lib/drivers/nvm/flash.o
GPIO_BitRead                                      ./nv32lib/drivers/gpio/gpio.o
GPIO_DeInit                                       ./nv32lib/drivers/gpio/gpio.o
GPIO_Init                                         ./nv32lib/drivers/gpio/gpio.o
                                                  ./main.o
GPIO_PinClear                                     ./nv32lib/drivers/gpio/gpio.o
GPIO_PinInit                                      ./nv32lib/drivers/gpio/gpio.o
GPIO_PinSet                                       ./nv32lib/drivers/gpio/gpio.o
GPIO_PinToggle                                    ./nv32lib/drivers/gpio/gpio.o
GPIO_Read                                         ./nv32lib/drivers/gpio/gpio.o
GPIO_Toggle                                       ./nv32lib/drivers/gpio/gpio.o
                                                  ./main.o
GPIO_Write                                        ./nv32lib/drivers/gpio/gpio.o
HardFault_Handler                                 ./nv32lib/cpu/startup_NV32_gcc.o
I2C0_IRQHandler                                   ./nv32lib/cpu/startup_NV32_gcc.o
I2C0_Isr                                          ./nv32lib/drivers/iic/i2c.o
I2C0_SetCallBack                                  ./nv32lib/drivers/iic/i2c.o
I2C1_Isr                                          ./nv32lib/drivers/iic/i2c.o
I2C1_SetCallBack                                  ./nv32lib/drivers/iic/i2c.o
I2C_Deinit                                        ./nv32lib/drivers/iic/i2c.o
I2C_Init                                          ./nv32lib/drivers/iic/i2c.o
I2C_IntDisable                                    ./nv32lib/drivers/iic/i2c.o
I2C_IntEnable                                     ./nv32lib/drivers/iic/i2c.o
I2C_MasterReadWait                                ./nv32lib/drivers/iic/i2c.o
I2C_MasterSendWait                                ./nv32lib/drivers/iic/i2c.o
I2C_ReadOneByte                                   ./nv32lib/drivers/iic/i2c.o
I2C_RepeatStart                                   ./nv32lib/drivers/iic/i2c.o
I2C_SetSCLLowETMeout                              ./nv32lib/drivers/iic/i2c.o
I2C_SetSlaveAddress                               ./nv32lib/drivers/iic/i2c.o
I2C_Start                                         ./nv32lib/drivers/iic/i2c.o
I2C_Stop                                          ./nv32lib/drivers/iic/i2c.o
I2C_WriteOneByte                                  ./nv32lib/drivers/iic/i2c.o
ICS_DeInit                                        ./nv32lib/drivers/ics/ics.o
ICS_IRQHandler                                    ./nv32lib/cpu/startup_NV32_gcc.o
ICS_Init                                          ./nv32lib/drivers/ics/ics.o
                                                  ./nv32lib/cpu/sysinit.o
ICS_SetClkDivider                                 ./nv32lib/drivers/ics/ics.o
ICS_Trim                                          ./nv32lib/drivers/ics/ics.o
IRQ_IRQHandler                                    ./nv32lib/cpu/startup_NV32_gcc.o
InterruptVector                                   ./nv32lib/cpu/vectors.o
KBI0_IRQHandler                                   ./nv32lib/cpu/startup_NV32_gcc.o
KBI0_Isr                                          ./nv32lib/drivers/kbi/kbi.o
KBI1_IRQHandler                                   ./nv32lib/cpu/startup_NV32_gcc.o
KBI1_Isr                                          ./nv32lib/drivers/kbi/kbi.o
KBI_Callback                                      ./nv32lib/drivers/kbi/kbi.o
KBI_DeInit                                        ./nv32lib/drivers/kbi/kbi.o
KBI_Init                                          ./nv32lib/drivers/kbi/kbi.o
KBI_SetCallback                                   ./nv32lib/drivers/kbi/kbi.o
LVD_LVW_IRQHandler                                ./nv32lib/cpu/startup_NV32_gcc.o
NMI_Handler                                       ./nv32lib/cpu/startup_NV32_gcc.o
NVM_EraseAll                                      ./nv32lib/drivers/nvm/flash.o
OSC_DeInit                                        ./nv32lib/drivers/ics/ics.o
OSC_Init                                          ./nv32lib/drivers/ics/ics.o
PIT_CH0_IRQHandler                                ./nv32lib/cpu/startup_NV32_gcc.o
PIT_CH1_IRQHandler                                ./nv32lib/cpu/startup_NV32_gcc.o
PIT_Callback                                      ./nv32lib/drivers/pit/pit.o
PIT_Ch0Isr                                        ./nv32lib/drivers/pit/pit.o
PIT_Ch1Isr                                        ./nv32lib/drivers/pit/pit.o
PIT_DeInit                                        ./nv32lib/drivers/pit/pit.o
PIT_Init                                          ./nv32lib/drivers/pit/pit.o
PIT_SetCallback                                   ./nv32lib/drivers/pit/pit.o
PIT_SetLoadVal                                    ./nv32lib/drivers/pit/pit.o
PMC_DeInit                                        ./nv32lib/drivers/PMC/pmc.o
PMC_Init                                          ./nv32lib/drivers/PMC/pmc.o
PMC_SetMode                                       ./nv32lib/drivers/PMC/pmc.o
PendSV_Handler                                    ./nv32lib/cpu/startup_NV32_gcc.o
RTC_Callback                                      ./nv32lib/drivers/rtc/rtc.o
RTC_DeInit                                        ./nv32lib/drivers/rtc/rtc.o
RTC_IRQHandler                                    ./nv32lib/cpu/startup_NV32_gcc.o
RTC_Init                                          ./nv32lib/drivers/rtc/rtc.o
                                                  ./main.o
RTC_Isr                                           ./nv32lib/drivers/rtc/rtc.o
                                                  ./nv32lib/cpu/vectors.o
RTC_SetCallback                                   ./nv32lib/drivers/rtc/rtc.o
                                                  ./main.o
RTC_Task                                          ./main.o
Reserved16_IRQHandler                             ./nv32lib/cpu/startup_NV32_gcc.o
Reserved17_IRQHandler                             ./nv32lib/cpu/startup_NV32_gcc.o
Reserved18_IRQHandler                             ./nv32lib/cpu/startup_NV32_gcc.o
Reserved19_IRQHandler                             ./nv32lib/cpu/startup_NV32_gcc.o
Reserved20_IRQHandler                             ./nv32lib/cpu/startup_NV32_gcc.o
Reserved25_IRQHandler                             ./nv32lib/cpu/startup_NV32_gcc.o
Reserved42_IRQHandler                             ./nv32lib/cpu/startup_NV32_gcc.o
Reserved45_IRQHandler                             ./nv32lib/cpu/startup_NV32_gcc.o
Reserved46_IRQHandler                             ./nv32lib/cpu/startup_NV32_gcc.o
Reserved47_IRQHandler                             ./nv32lib/cpu/startup_NV32_gcc.o
Reset_Handler                                     ./nv32lib/cpu/startup_NV32_gcc.o
SIM_GetStatus                                     ./nv32lib/drivers/sim/sim.o
                                                  ./nv32lib/cpu/sysinit.o
SIM_Init                                          ./nv32lib/drivers/sim/sim.o
                                                  ./nv32lib/cpu/sysinit.o
SIM_ReadID                                        ./nv32lib/drivers/sim/sim.o
                                                  ./nv32lib/cpu/sysinit.o
SIM_SetClockGating                                ./nv32lib/drivers/sim/sim.o
SPI0_IRQHandler                                   ./nv32lib/cpu/startup_NV32_gcc.o
SPI0_Isr                                          ./nv32lib/drivers/spi/spi.o
SPI1_IRQHandler                                   ./nv32lib/cpu/startup_NV32_gcc.o
SPI1_Isr                                          ./nv32lib/drivers/spi/spi.o
SPI_Callback                                      ./nv32lib/drivers/spi/spi.o
SPI_DeInit                                        ./nv32lib/drivers/spi/spi.o
SPI_Init                                          ./nv32lib/drivers/spi/spi.o
SPI_SetBaudRate                                   ./nv32lib/drivers/spi/spi.o
SPI_SetCallback                                   ./nv32lib/drivers/spi/spi.o
SPI_TransferWait                                  ./nv32lib/drivers/spi/spi.o
SVC_Handler                                       ./nv32lib/cpu/startup_NV32_gcc.o
SysTick_Handler                                   ./nv32lib/cpu/startup_NV32_gcc.o
SystemInit                                        ./nv32lib/cpu/start.o
                                                  ./nv32lib/cpu/startup_NV32_gcc.o
UART0_IRQHandler                                  ./nv32lib/cpu/startup_NV32_gcc.o
UART0_Isr                                         ./nv32lib/drivers/uart/uart.o
UART1_IRQHandler                                  ./nv32lib/cpu/startup_NV32_gcc.o
UART1_Isr                                         ./nv32lib/drivers/uart/uart.o
UART2_IRQHandler                                  ./nv32lib/cpu/startup_NV32_gcc.o
UART2_Isr                                         ./nv32lib/drivers/uart/uart.o
UART_Callback                                     ./nv32lib/drivers/uart/uart.o
UART_CheckFlag                                    ./nv32lib/drivers/uart/uart.o
UART_DisableInterrupt                             ./nv32lib/drivers/uart/uart.o
UART_EnableInterrupt                              ./nv32lib/drivers/uart/uart.o
UART_GetChar                                      ./nv32lib/drivers/uart/uart.o
UART_GetFlags                                     ./nv32lib/drivers/uart/uart.o
UART_Init                                         ./nv32lib/drivers/uart/uart.o
                                                  ./nv32lib/cpu/sysinit.o
UART_InitPrint                                    ./nv32lib/cpu/sysinit.o
UART_PutChar                                      ./nv32lib/drivers/uart/uart.o
UART_ReceiveWait                                  ./nv32lib/drivers/uart/uart.o
UART_SendWait                                     ./nv32lib/drivers/uart/uart.o
UART_SetBaudrate                                  ./nv32lib/drivers/uart/uart.o
UART_SetCallback                                  ./nv32lib/drivers/uart/uart.o
UART_WaitTxComplete                               ./nv32lib/drivers/uart/uart.o
WDOG_DeInit                                       ./nv32lib/drivers/wdog/wdog.o
WDOG_Disable                                      ./nv32lib/drivers/wdog/wdog.o
WDOG_DisableUpdate                                ./nv32lib/drivers/wdog/wdog.o
WDOG_DisableWDOGEnableUpdate                      ./nv32lib/drivers/wdog/wdog.o
                                                  ./nv32lib/cpu/start.o
WDOG_Enable                                       ./nv32lib/drivers/wdog/wdog.o
WDOG_EnableUpdate                                 ./nv32lib/drivers/wdog/wdog.o
WDOG_Feed                                         ./nv32lib/drivers/wdog/wdog.o
                                                  ./nv32lib/drivers/uart/uart.o
WDOG_Init                                         ./nv32lib/drivers/wdog/wdog.o
Watchdog_IRQHandler                               ./nv32lib/cpu/startup_NV32_gcc.o
__HeapBase                                        ./nv32lib/cpu/startup_NV32_gcc.o
__HeapLimit                                       ./nv32lib/cpu/startup_NV32_gcc.o
__StackLimit                                      ./nv32lib/cpu/startup_NV32_gcc.o
__StackTop                                        ./nv32lib/cpu/startup_NV32_gcc.o
__aeabi_idiv                                      d:/arm-gcc/bin/../lib/gcc/arm-none-eabi/7.3.1/thumb/v6-m\libgcc.a(_divsi3.o)
                                                  d:/arm-gcc/bin/../lib/gcc/arm-none-eabi/7.3.1/../../../../arm-none-eabi/lib/thumb/v6-m\libg_nano.a(lib_a-fvwrite.o)
                                                  ./nv32lib/drivers/etm/etm.o
__aeabi_idiv0                                     d:/arm-gcc/bin/../lib/gcc/arm-none-eabi/7.3.1/thumb/v6-m\libgcc.a(_dvmd_tls.o)
                                                  d:/arm-gcc/bin/../lib/gcc/arm-none-eabi/7.3.1/thumb/v6-m\libgcc.a(_divsi3.o)
                                                  d:/arm-gcc/bin/../lib/gcc/arm-none-eabi/7.3.1/thumb/v6-m\libgcc.a(_udivsi3.o)
__aeabi_idivmod                                   d:/arm-gcc/bin/../lib/gcc/arm-none-eabi/7.3.1/thumb/v6-m\libgcc.a(_divsi3.o)
__aeabi_ldiv0                                     d:/arm-gcc/bin/../lib/gcc/arm-none-eabi/7.3.1/thumb/v6-m\libgcc.a(_dvmd_tls.o)
__aeabi_uidiv                                     d:/arm-gcc/bin/../lib/gcc/arm-none-eabi/7.3.1/thumb/v6-m\libgcc.a(_udivsi3.o)
                                                  ./nv32lib/drivers/delay/delay.o
                                                  ./nv32lib/drivers/etm/etm.o
                                                  ./nv32lib/drivers/uart/uart.o
                                                  ./nv32lib/drivers/spi/spi.o
__aeabi_uidivmod                                  d:/arm-gcc/bin/../lib/gcc/arm-none-eabi/7.3.1/thumb/v6-m\libgcc.a(_udivsi3.o)
                                                  d:/arm-gcc/bin/../lib/gcc/arm-none-eabi/7.3.1/../../../../arm-none-eabi/lib/thumb/v6-m\libg_nano.a(lib_a-nano-vfprintf_i.o)
__data_end__                                      ./nv32lib/cpu/startup_NV32_gcc.o
__data_start__                                    ./nv32lib/cpu/startup_NV32_gcc.o
__divsi3                                          d:/arm-gcc/bin/../lib/gcc/arm-none-eabi/7.3.1/thumb/v6-m\libgcc.a(_divsi3.o)
__etext                                           ./nv32lib/cpu/startup_NV32_gcc.o
__flash_config                                    ./nv32lib/cpu/vectors.o
__fp_lock_all                                     d:/arm-gcc/bin/../lib/gcc/arm-none-eabi/7.3.1/../../../../arm-none-eabi/lib/thumb/v6-m\libg_nano.a(lib_a-findfp.o)
__fp_unlock_all                                   d:/arm-gcc/bin/../lib/gcc/arm-none-eabi/7.3.1/../../../../arm-none-eabi/lib/thumb/v6-m\libg_nano.a(lib_a-findfp.o)
__gnu_thumb1_case_sqi                             d:/arm-gcc/bin/../lib/gcc/arm-none-eabi/7.3.1/thumb/v6-m\libgcc.a(_thumb1_case_sqi.o)
                                                  ./nv32lib/drivers/gpio/gpio.o
__gnu_thumb1_case_uqi                             d:/arm-gcc/bin/../lib/gcc/arm-none-eabi/7.3.1/thumb/v6-m\libgcc.a(_thumb1_case_uqi.o)
                                                  ./nv32lib/drivers/gpio/gpio.o
__isr_vector                                      ./nv32lib/cpu/startup_NV32_gcc.o
__malloc_free_list                                d:/arm-gcc/bin/../lib/gcc/arm-none-eabi/7.3.1/../../../../arm-none-eabi/lib/thumb/v6-m\libg_nano.a(lib_a-nano-mallocr.o)
                                                  d:/arm-gcc/bin/../lib/gcc/arm-none-eabi/7.3.1/../../../../arm-none-eabi/lib/thumb/v6-m\libg_nano.a(lib_a-nano-freer.o)
__malloc_lock                                     d:/arm-gcc/bin/../lib/gcc/arm-none-eabi/7.3.1/../../../../arm-none-eabi/lib/thumb/v6-m\libg_nano.a(lib_a-mlock.o)
                                                  d:/arm-gcc/bin/../lib/gcc/arm-none-eabi/7.3.1/../../../../arm-none-eabi/lib/thumb/v6-m\libg_nano.a(lib_a-nano-mallocr.o)
                                                  d:/arm-gcc/bin/../lib/gcc/arm-none-eabi/7.3.1/../../../../arm-none-eabi/lib/thumb/v6-m\libg_nano.a(lib_a-nano-freer.o)
__malloc_sbrk_start                               d:/arm-gcc/bin/../lib/gcc/arm-none-eabi/7.3.1/../../../../arm-none-eabi/lib/thumb/v6-m\libg_nano.a(lib_a-nano-mallocr.o)
__malloc_unlock                                   d:/arm-gcc/bin/../lib/gcc/arm-none-eabi/7.3.1/../../../../arm-none-eabi/lib/thumb/v6-m\libg_nano.a(lib_a-mlock.o)
                                                  d:/arm-gcc/bin/../lib/gcc/arm-none-eabi/7.3.1/../../../../arm-none-eabi/lib/thumb/v6-m\libg_nano.a(lib_a-nano-mallocr.o)
                                                  d:/arm-gcc/bin/../lib/gcc/arm-none-eabi/7.3.1/../../../../arm-none-eabi/lib/thumb/v6-m\libg_nano.a(lib_a-nano-freer.o)
__sclose                                          d:/arm-gcc/bin/../lib/gcc/arm-none-eabi/7.3.1/../../../../arm-none-eabi/lib/thumb/v6-m\libg_nano.a(lib_a-stdio.o)
                                                  d:/arm-gcc/bin/../lib/gcc/arm-none-eabi/7.3.1/../../../../arm-none-eabi/lib/thumb/v6-m\libg_nano.a(lib_a-findfp.o)
__seofread                                        d:/arm-gcc/bin/../lib/gcc/arm-none-eabi/7.3.1/../../../../arm-none-eabi/lib/thumb/v6-m\libg_nano.a(lib_a-stdio.o)
__sf_fake_stderr                                  d:/arm-gcc/bin/../lib/gcc/arm-none-eabi/7.3.1/../../../../arm-none-eabi/lib/thumb/v6-m\libg_nano.a(lib_a-findfp.o)
                                                  d:/arm-gcc/bin/../lib/gcc/arm-none-eabi/7.3.1/../../../../arm-none-eabi/lib/thumb/v6-m\libg_nano.a(lib_a-nano-vfprintf.o)
                                                  d:/arm-gcc/bin/../lib/gcc/arm-none-eabi/7.3.1/../../../../arm-none-eabi/lib/thumb/v6-m\libg_nano.a(lib_a-impure.o)
                                                  d:/arm-gcc/bin/../lib/gcc/arm-none-eabi/7.3.1/../../../../arm-none-eabi/lib/thumb/v6-m\libg_nano.a(lib_a-fflush.o)
                                                  d:/arm-gcc/bin/../lib/gcc/arm-none-eabi/7.3.1/../../../../arm-none-eabi/lib/thumb/v6-m\libg_nano.a(lib_a-wsetup.o)
                                                  d:/arm-gcc/bin/../lib/gcc/arm-none-eabi/7.3.1/../../../../arm-none-eabi/lib/thumb/v6-m\libg_nano.a(lib_a-wbuf.o)
                                                  d:/arm-gcc/bin/../lib/gcc/arm-none-eabi/7.3.1/../../../../arm-none-eabi/lib/thumb/v6-m\libg_nano.a(lib_a-puts.o)
__sf_fake_stdin                                   d:/arm-gcc/bin/../lib/gcc/arm-none-eabi/7.3.1/../../../../arm-none-eabi/lib/thumb/v6-m\libg_nano.a(lib_a-findfp.o)
                                                  d:/arm-gcc/bin/../lib/gcc/arm-none-eabi/7.3.1/../../../../arm-none-eabi/lib/thumb/v6-m\libg_nano.a(lib_a-nano-vfprintf.o)
                                                  d:/arm-gcc/bin/../lib/gcc/arm-none-eabi/7.3.1/../../../../arm-none-eabi/lib/thumb/v6-m\libg_nano.a(lib_a-impure.o)
                                                  d:/arm-gcc/bin/../lib/gcc/arm-none-eabi/7.3.1/../../../../arm-none-eabi/lib/thumb/v6-m\libg_nano.a(lib_a-fflush.o)
                                                  d:/arm-gcc/bin/../lib/gcc/arm-none-eabi/7.3.1/../../../../arm-none-eabi/lib/thumb/v6-m\libg_nano.a(lib_a-wsetup.o)
                                                  d:/arm-gcc/bin/../lib/gcc/arm-none-eabi/7.3.1/../../../../arm-none-eabi/lib/thumb/v6-m\libg_nano.a(lib_a-wbuf.o)
                                                  d:/arm-gcc/bin/../lib/gcc/arm-none-eabi/7.3.1/../../../../arm-none-eabi/lib/thumb/v6-m\libg_nano.a(lib_a-puts.o)
__sf_fake_stdout                                  d:/arm-gcc/bin/../lib/gcc/arm-none-eabi/7.3.1/../../../../arm-none-eabi/lib/thumb/v6-m\libg_nano.a(lib_a-findfp.o)
                                                  d:/arm-gcc/bin/../lib/gcc/arm-none-eabi/7.3.1/../../../../arm-none-eabi/lib/thumb/v6-m\libg_nano.a(lib_a-nano-vfprintf.o)
                                                  d:/arm-gcc/bin/../lib/gcc/arm-none-eabi/7.3.1/../../../../arm-none-eabi/lib/thumb/v6-m\libg_nano.a(lib_a-impure.o)
                                                  d:/arm-gcc/bin/../lib/gcc/arm-none-eabi/7.3.1/../../../../arm-none-eabi/lib/thumb/v6-m\libg_nano.a(lib_a-fflush.o)
                                                  d:/arm-gcc/bin/../lib/gcc/arm-none-eabi/7.3.1/../../../../arm-none-eabi/lib/thumb/v6-m\libg_nano.a(lib_a-wsetup.o)
                                                  d:/arm-gcc/bin/../lib/gcc/arm-none-eabi/7.3.1/../../../../arm-none-eabi/lib/thumb/v6-m\libg_nano.a(lib_a-wbuf.o)
                                                  d:/arm-gcc/bin/../lib/gcc/arm-none-eabi/7.3.1/../../../../arm-none-eabi/lib/thumb/v6-m\libg_nano.a(lib_a-puts.o)
__sflush_r                                        d:/arm-gcc/bin/../lib/gcc/arm-none-eabi/7.3.1/../../../../arm-none-eabi/lib/thumb/v6-m\libg_nano.a(lib_a-fflush.o)
__sfmoreglue                                      d:/arm-gcc/bin/../lib/gcc/arm-none-eabi/7.3.1/../../../../arm-none-eabi/lib/thumb/v6-m\libg_nano.a(lib_a-findfp.o)
__sfp                                             d:/arm-gcc/bin/../lib/gcc/arm-none-eabi/7.3.1/../../../../arm-none-eabi/lib/thumb/v6-m\libg_nano.a(lib_a-findfp.o)
__sfp_lock_acquire                                d:/arm-gcc/bin/../lib/gcc/arm-none-eabi/7.3.1/../../../../arm-none-eabi/lib/thumb/v6-m\libg_nano.a(lib_a-findfp.o)
__sfp_lock_release                                d:/arm-gcc/bin/../lib/gcc/arm-none-eabi/7.3.1/../../../../arm-none-eabi/lib/thumb/v6-m\libg_nano.a(lib_a-findfp.o)
__sfputs_r                                        d:/arm-gcc/bin/../lib/gcc/arm-none-eabi/7.3.1/../../../../arm-none-eabi/lib/thumb/v6-m\libg_nano.a(lib_a-nano-vfprintf.o)
__sfvwrite_r                                      d:/arm-gcc/bin/../lib/gcc/arm-none-eabi/7.3.1/../../../../arm-none-eabi/lib/thumb/v6-m\libg_nano.a(lib_a-fvwrite.o)
                                                  d:/arm-gcc/bin/../lib/gcc/arm-none-eabi/7.3.1/../../../../arm-none-eabi/lib/thumb/v6-m\libg_nano.a(lib_a-nano-vfprintf.o)
__sinit                                           d:/arm-gcc/bin/../lib/gcc/arm-none-eabi/7.3.1/../../../../arm-none-eabi/lib/thumb/v6-m\libg_nano.a(lib_a-findfp.o)
                                                  d:/arm-gcc/bin/../lib/gcc/arm-none-eabi/7.3.1/../../../../arm-none-eabi/lib/thumb/v6-m\libg_nano.a(lib_a-nano-vfprintf.o)
                                                  d:/arm-gcc/bin/../lib/gcc/arm-none-eabi/7.3.1/../../../../arm-none-eabi/lib/thumb/v6-m\libg_nano.a(lib_a-fflush.o)
                                                  d:/arm-gcc/bin/../lib/gcc/arm-none-eabi/7.3.1/../../../../arm-none-eabi/lib/thumb/v6-m\libg_nano.a(lib_a-wsetup.o)
                                                  d:/arm-gcc/bin/../lib/gcc/arm-none-eabi/7.3.1/../../../../arm-none-eabi/lib/thumb/v6-m\libg_nano.a(lib_a-wbuf.o)
                                                  d:/arm-gcc/bin/../lib/gcc/arm-none-eabi/7.3.1/../../../../arm-none-eabi/lib/thumb/v6-m\libg_nano.a(lib_a-puts.o)
                                                  d:/arm-gcc/bin/../lib/gcc/arm-none-eabi/7.3.1/../../../../arm-none-eabi/lib/thumb/v6-m\libg_nano.a(lib_a-printf.o)
__sinit_lock_acquire                              d:/arm-gcc/bin/../lib/gcc/arm-none-eabi/7.3.1/../../../../arm-none-eabi/lib/thumb/v6-m\libg_nano.a(lib_a-findfp.o)
__sinit_lock_release                              d:/arm-gcc/bin/../lib/gcc/arm-none-eabi/7.3.1/../../../../arm-none-eabi/lib/thumb/v6-m\libg_nano.a(lib_a-findfp.o)
__smakebuf_r                                      d:/arm-gcc/bin/../lib/gcc/arm-none-eabi/7.3.1/../../../../arm-none-eabi/lib/thumb/v6-m\libg_nano.a(lib_a-makebuf.o)
                                                  d:/arm-gcc/bin/../lib/gcc/arm-none-eabi/7.3.1/../../../../arm-none-eabi/lib/thumb/v6-m\libg_nano.a(lib_a-wsetup.o)
__sprint_r                                        d:/arm-gcc/bin/../lib/gcc/arm-none-eabi/7.3.1/../../../../arm-none-eabi/lib/thumb/v6-m\libg_nano.a(lib_a-nano-vfprintf.o)
__sread                                           d:/arm-gcc/bin/../lib/gcc/arm-none-eabi/7.3.1/../../../../arm-none-eabi/lib/thumb/v6-m\libg_nano.a(lib_a-stdio.o)
                                                  d:/arm-gcc/bin/../lib/gcc/arm-none-eabi/7.3.1/../../../../arm-none-eabi/lib/thumb/v6-m\libg_nano.a(lib_a-findfp.o)
__sseek                                           d:/arm-gcc/bin/../lib/gcc/arm-none-eabi/7.3.1/../../../../arm-none-eabi/lib/thumb/v6-m\libg_nano.a(lib_a-stdio.o)
                                                  d:/arm-gcc/bin/../lib/gcc/arm-none-eabi/7.3.1/../../../../arm-none-eabi/lib/thumb/v6-m\libg_nano.a(lib_a-findfp.o)
__swbuf                                           d:/arm-gcc/bin/../lib/gcc/arm-none-eabi/7.3.1/../../../../arm-none-eabi/lib/thumb/v6-m\libg_nano.a(lib_a-wbuf.o)
__swbuf_r                                         d:/arm-gcc/bin/../lib/gcc/arm-none-eabi/7.3.1/../../../../arm-none-eabi/lib/thumb/v6-m\libg_nano.a(lib_a-wbuf.o)
                                                  d:/arm-gcc/bin/../lib/gcc/arm-none-eabi/7.3.1/../../../../arm-none-eabi/lib/thumb/v6-m\libg_nano.a(lib_a-nano-vfprintf.o)
                                                  d:/arm-gcc/bin/../lib/gcc/arm-none-eabi/7.3.1/../../../../arm-none-eabi/lib/thumb/v6-m\libg_nano.a(lib_a-puts.o)
__swhatbuf_r                                      d:/arm-gcc/bin/../lib/gcc/arm-none-eabi/7.3.1/../../../../arm-none-eabi/lib/thumb/v6-m\libg_nano.a(lib_a-makebuf.o)
__swrite                                          d:/arm-gcc/bin/../lib/gcc/arm-none-eabi/7.3.1/../../../../arm-none-eabi/lib/thumb/v6-m\libg_nano.a(lib_a-stdio.o)
                                                  d:/arm-gcc/bin/../lib/gcc/arm-none-eabi/7.3.1/../../../../arm-none-eabi/lib/thumb/v6-m\libg_nano.a(lib_a-findfp.o)
__swsetup_r                                       d:/arm-gcc/bin/../lib/gcc/arm-none-eabi/7.3.1/../../../../arm-none-eabi/lib/thumb/v6-m\libg_nano.a(lib_a-wsetup.o)
                                                  d:/arm-gcc/bin/../lib/gcc/arm-none-eabi/7.3.1/../../../../arm-none-eabi/lib/thumb/v6-m\libg_nano.a(lib_a-fvwrite.o)
                                                  d:/arm-gcc/bin/../lib/gcc/arm-none-eabi/7.3.1/../../../../arm-none-eabi/lib/thumb/v6-m\libg_nano.a(lib_a-nano-vfprintf.o)
                                                  d:/arm-gcc/bin/../lib/gcc/arm-none-eabi/7.3.1/../../../../arm-none-eabi/lib/thumb/v6-m\libg_nano.a(lib_a-wbuf.o)
                                                  d:/arm-gcc/bin/../lib/gcc/arm-none-eabi/7.3.1/../../../../arm-none-eabi/lib/thumb/v6-m\libg_nano.a(lib_a-puts.o)
__thumb_startup                                   ./nv32lib/cpu/vectors.o
__udivsi3                                         d:/arm-gcc/bin/../lib/gcc/arm-none-eabi/7.3.1/thumb/v6-m\libgcc.a(_udivsi3.o)
_cleanup                                          d:/arm-gcc/bin/../lib/gcc/arm-none-eabi/7.3.1/../../../../arm-none-eabi/lib/thumb/v6-m\libg_nano.a(lib_a-findfp.o)
_cleanup_r                                        d:/arm-gcc/bin/../lib/gcc/arm-none-eabi/7.3.1/../../../../arm-none-eabi/lib/thumb/v6-m\libg_nano.a(lib_a-findfp.o)
                                                  d:/arm-gcc/bin/../lib/gcc/arm-none-eabi/7.3.1/../../../../arm-none-eabi/lib/thumb/v6-m\libg_nano.a(lib_a-makebuf.o)
_close                                            d:/arm-gcc/bin/../lib/gcc/arm-none-eabi/7.3.1/../../../../arm-none-eabi/lib/thumb/v6-m\libnosys.a(close.o)
                                                  d:/arm-gcc/bin/../lib/gcc/arm-none-eabi/7.3.1/../../../../arm-none-eabi/lib/thumb/v6-m\libg_nano.a(lib_a-closer.o)
_close_r                                          d:/arm-gcc/bin/../lib/gcc/arm-none-eabi/7.3.1/../../../../arm-none-eabi/lib/thumb/v6-m\libg_nano.a(lib_a-closer.o)
                                                  d:/arm-gcc/bin/../lib/gcc/arm-none-eabi/7.3.1/../../../../arm-none-eabi/lib/thumb/v6-m\libg_nano.a(lib_a-stdio.o)
_estack                                           ./nv32lib/cpu/vectors.o
_fflush_r                                         d:/arm-gcc/bin/../lib/gcc/arm-none-eabi/7.3.1/../../../../arm-none-eabi/lib/thumb/v6-m\libg_nano.a(lib_a-fflush.o)
                                                  d:/arm-gcc/bin/../lib/gcc/arm-none-eabi/7.3.1/../../../../arm-none-eabi/lib/thumb/v6-m\libg_nano.a(lib_a-fvwrite.o)
                                                  d:/arm-gcc/bin/../lib/gcc/arm-none-eabi/7.3.1/../../../../arm-none-eabi/lib/thumb/v6-m\libg_nano.a(lib_a-findfp.o)
                                                  d:/arm-gcc/bin/../lib/gcc/arm-none-eabi/7.3.1/../../../../arm-none-eabi/lib/thumb/v6-m\libg_nano.a(lib_a-wbuf.o)
_free_r                                           d:/arm-gcc/bin/../lib/gcc/arm-none-eabi/7.3.1/../../../../arm-none-eabi/lib/thumb/v6-m\libg_nano.a(lib_a-nano-freer.o)
                                                  d:/arm-gcc/bin/../lib/gcc/arm-none-eabi/7.3.1/../../../../arm-none-eabi/lib/thumb/v6-m\libg_nano.a(lib_a-reent.o)
                                                  d:/arm-gcc/bin/../lib/gcc/arm-none-eabi/7.3.1/../../../../arm-none-eabi/lib/thumb/v6-m\libg_nano.a(lib_a-nano-reallocr.o)
                                                  d:/arm-gcc/bin/../lib/gcc/arm-none-eabi/7.3.1/../../../../arm-none-eabi/lib/thumb/v6-m\libg_nano.a(lib_a-fvwrite.o)
                                                  d:/arm-gcc/bin/../lib/gcc/arm-none-eabi/7.3.1/../../../../arm-none-eabi/lib/thumb/v6-m\libg_nano.a(lib_a-fflush.o)
                                                  d:/arm-gcc/bin/../lib/gcc/arm-none-eabi/7.3.1/../../../../arm-none-eabi/lib/thumb/v6-m\libg_nano.a(lib_a-wsetup.o)
_fstat                                            d:/arm-gcc/bin/../lib/gcc/arm-none-eabi/7.3.1/../../../../arm-none-eabi/lib/thumb/v6-m\libnosys.a(fstat.o)
                                                  d:/arm-gcc/bin/../lib/gcc/arm-none-eabi/7.3.1/../../../../arm-none-eabi/lib/thumb/v6-m\libg_nano.a(lib_a-fstatr.o)
_fstat_r                                          d:/arm-gcc/bin/../lib/gcc/arm-none-eabi/7.3.1/../../../../arm-none-eabi/lib/thumb/v6-m\libg_nano.a(lib_a-fstatr.o)
                                                  d:/arm-gcc/bin/../lib/gcc/arm-none-eabi/7.3.1/../../../../arm-none-eabi/lib/thumb/v6-m\libg_nano.a(lib_a-makebuf.o)
_fwalk                                            d:/arm-gcc/bin/../lib/gcc/arm-none-eabi/7.3.1/../../../../arm-none-eabi/lib/thumb/v6-m\libg_nano.a(lib_a-fwalk.o)
                                                  d:/arm-gcc/bin/../lib/gcc/arm-none-eabi/7.3.1/../../../../arm-none-eabi/lib/thumb/v6-m\libg_nano.a(lib_a-findfp.o)
_fwalk_reent                                      d:/arm-gcc/bin/../lib/gcc/arm-none-eabi/7.3.1/../../../../arm-none-eabi/lib/thumb/v6-m\libg_nano.a(lib_a-fwalk.o)
                                                  d:/arm-gcc/bin/../lib/gcc/arm-none-eabi/7.3.1/../../../../arm-none-eabi/lib/thumb/v6-m\libg_nano.a(lib_a-findfp.o)
                                                  d:/arm-gcc/bin/../lib/gcc/arm-none-eabi/7.3.1/../../../../arm-none-eabi/lib/thumb/v6-m\libg_nano.a(lib_a-fflush.o)
_global_impure_ptr                                d:/arm-gcc/bin/../lib/gcc/arm-none-eabi/7.3.1/../../../../arm-none-eabi/lib/thumb/v6-m\libg_nano.a(lib_a-impure.o)
                                                  d:/arm-gcc/bin/../lib/gcc/arm-none-eabi/7.3.1/../../../../arm-none-eabi/lib/thumb/v6-m\libg_nano.a(lib_a-findfp.o)
                                                  d:/arm-gcc/bin/../lib/gcc/arm-none-eabi/7.3.1/../../../../arm-none-eabi/lib/thumb/v6-m\libg_nano.a(lib_a-fflush.o)
_impure_ptr                                       d:/arm-gcc/bin/../lib/gcc/arm-none-eabi/7.3.1/../../../../arm-none-eabi/lib/thumb/v6-m\libg_nano.a(lib_a-impure.o)
                                                  d:/arm-gcc/bin/../lib/gcc/arm-none-eabi/7.3.1/../../../../arm-none-eabi/lib/thumb/v6-m\libg_nano.a(lib_a-reent.o)
                                                  d:/arm-gcc/bin/../lib/gcc/arm-none-eabi/7.3.1/../../../../arm-none-eabi/lib/thumb/v6-m\libg_nano.a(lib_a-nano-vfprintf.o)
                                                  d:/arm-gcc/bin/../lib/gcc/arm-none-eabi/7.3.1/../../../../arm-none-eabi/lib/thumb/v6-m\libg_nano.a(lib_a-findfp.o)
                                                  d:/arm-gcc/bin/../lib/gcc/arm-none-eabi/7.3.1/../../../../arm-none-eabi/lib/thumb/v6-m\libg_nano.a(lib_a-fflush.o)
                                                  d:/arm-gcc/bin/../lib/gcc/arm-none-eabi/7.3.1/../../../../arm-none-eabi/lib/thumb/v6-m\libg_nano.a(lib_a-wsetup.o)
                                                  d:/arm-gcc/bin/../lib/gcc/arm-none-eabi/7.3.1/../../../../arm-none-eabi/lib/thumb/v6-m\libg_nano.a(lib_a-wbuf.o)
                                                  d:/arm-gcc/bin/../lib/gcc/arm-none-eabi/7.3.1/../../../../arm-none-eabi/lib/thumb/v6-m\libg_nano.a(lib_a-puts.o)
                                                  d:/arm-gcc/bin/../lib/gcc/arm-none-eabi/7.3.1/../../../../arm-none-eabi/lib/thumb/v6-m\libg_nano.a(lib_a-printf.o)
_iprintf_r                                        d:/arm-gcc/bin/../lib/gcc/arm-none-eabi/7.3.1/../../../../arm-none-eabi/lib/thumb/v6-m\libg_nano.a(lib_a-printf.o)
_isatty                                           d:/arm-gcc/bin/../lib/gcc/arm-none-eabi/7.3.1/../../../../arm-none-eabi/lib/thumb/v6-m\libnosys.a(isatty.o)
                                                  d:/arm-gcc/bin/../lib/gcc/arm-none-eabi/7.3.1/../../../../arm-none-eabi/lib/thumb/v6-m\libg_nano.a(lib_a-isattyr.o)
_isatty_r                                         d:/arm-gcc/bin/../lib/gcc/arm-none-eabi/7.3.1/../../../../arm-none-eabi/lib/thumb/v6-m\libg_nano.a(lib_a-isattyr.o)
                                                  d:/arm-gcc/bin/../lib/gcc/arm-none-eabi/7.3.1/../../../../arm-none-eabi/lib/thumb/v6-m\libg_nano.a(lib_a-makebuf.o)
_lseek                                            d:/arm-gcc/bin/../lib/gcc/arm-none-eabi/7.3.1/../../../../arm-none-eabi/lib/thumb/v6-m\libnosys.a(lseek.o)
                                                  d:/arm-gcc/bin/../lib/gcc/arm-none-eabi/7.3.1/../../../../arm-none-eabi/lib/thumb/v6-m\libg_nano.a(lib_a-lseekr.o)
_lseek_r                                          d:/arm-gcc/bin/../lib/gcc/arm-none-eabi/7.3.1/../../../../arm-none-eabi/lib/thumb/v6-m\libg_nano.a(lib_a-lseekr.o)
                                                  d:/arm-gcc/bin/../lib/gcc/arm-none-eabi/7.3.1/../../../../arm-none-eabi/lib/thumb/v6-m\libg_nano.a(lib_a-stdio.o)
_malloc_r                                         d:/arm-gcc/bin/../lib/gcc/arm-none-eabi/7.3.1/../../../../arm-none-eabi/lib/thumb/v6-m\libg_nano.a(lib_a-nano-mallocr.o)
                                                  d:/arm-gcc/bin/../lib/gcc/arm-none-eabi/7.3.1/../../../../arm-none-eabi/lib/thumb/v6-m\libg_nano.a(lib_a-nano-reallocr.o)
                                                  d:/arm-gcc/bin/../lib/gcc/arm-none-eabi/7.3.1/../../../../arm-none-eabi/lib/thumb/v6-m\libg_nano.a(lib_a-fvwrite.o)
                                                  d:/arm-gcc/bin/../lib/gcc/arm-none-eabi/7.3.1/../../../../arm-none-eabi/lib/thumb/v6-m\libg_nano.a(lib_a-makebuf.o)
                                                  d:/arm-gcc/bin/../lib/gcc/arm-none-eabi/7.3.1/../../../../arm-none-eabi/lib/thumb/v6-m\libg_nano.a(lib_a-findfp.o)
_malloc_usable_size_r                             d:/arm-gcc/bin/../lib/gcc/arm-none-eabi/7.3.1/../../../../arm-none-eabi/lib/thumb/v6-m\libg_nano.a(lib_a-nano-msizer.o)
                                                  d:/arm-gcc/bin/../lib/gcc/arm-none-eabi/7.3.1/../../../../arm-none-eabi/lib/thumb/v6-m\libg_nano.a(lib_a-nano-reallocr.o)
_printf_common                                    d:/arm-gcc/bin/../lib/gcc/arm-none-eabi/7.3.1/../../../../arm-none-eabi/lib/thumb/v6-m\libg_nano.a(lib_a-nano-vfprintf_i.o)
_printf_float                                     d:/arm-gcc/bin/../lib/gcc/arm-none-eabi/7.3.1/../../../../arm-none-eabi/lib/thumb/v6-m\libg_nano.a(lib_a-nano-vfprintf.o)
_printf_i                                         d:/arm-gcc/bin/../lib/gcc/arm-none-eabi/7.3.1/../../../../arm-none-eabi/lib/thumb/v6-m\libg_nano.a(lib_a-nano-vfprintf_i.o)
                                                  d:/arm-gcc/bin/../lib/gcc/arm-none-eabi/7.3.1/../../../../arm-none-eabi/lib/thumb/v6-m\libg_nano.a(lib_a-nano-vfprintf.o)
_printf_r                                         d:/arm-gcc/bin/../lib/gcc/arm-none-eabi/7.3.1/../../../../arm-none-eabi/lib/thumb/v6-m\libg_nano.a(lib_a-printf.o)
_puts_r                                           d:/arm-gcc/bin/../lib/gcc/arm-none-eabi/7.3.1/../../../../arm-none-eabi/lib/thumb/v6-m\libg_nano.a(lib_a-puts.o)
_read                                             d:/arm-gcc/bin/../lib/gcc/arm-none-eabi/7.3.1/../../../../arm-none-eabi/lib/thumb/v6-m\libnosys.a(read.o)
                                                  d:/arm-gcc/bin/../lib/gcc/arm-none-eabi/7.3.1/../../../../arm-none-eabi/lib/thumb/v6-m\libg_nano.a(lib_a-readr.o)
_read_r                                           d:/arm-gcc/bin/../lib/gcc/arm-none-eabi/7.3.1/../../../../arm-none-eabi/lib/thumb/v6-m\libg_nano.a(lib_a-readr.o)
                                                  d:/arm-gcc/bin/../lib/gcc/arm-none-eabi/7.3.1/../../../../arm-none-eabi/lib/thumb/v6-m\libg_nano.a(lib_a-stdio.o)
_realloc_r                                        d:/arm-gcc/bin/../lib/gcc/arm-none-eabi/7.3.1/../../../../arm-none-eabi/lib/thumb/v6-m\libg_nano.a(lib_a-nano-reallocr.o)
                                                  d:/arm-gcc/bin/../lib/gcc/arm-none-eabi/7.3.1/../../../../arm-none-eabi/lib/thumb/v6-m\libg_nano.a(lib_a-fvwrite.o)
_reclaim_reent                                    d:/arm-gcc/bin/../lib/gcc/arm-none-eabi/7.3.1/../../../../arm-none-eabi/lib/thumb/v6-m\libg_nano.a(lib_a-reent.o)
_sbrk                                             d:/arm-gcc/bin/../lib/gcc/arm-none-eabi/7.3.1/../../../../arm-none-eabi/lib/thumb/v6-m\libnosys.a(sbrk.o)
                                                  d:/arm-gcc/bin/../lib/gcc/arm-none-eabi/7.3.1/../../../../arm-none-eabi/lib/thumb/v6-m\libg_nano.a(lib_a-sbrkr.o)
_sbrk_r                                           d:/arm-gcc/bin/../lib/gcc/arm-none-eabi/7.3.1/../../../../arm-none-eabi/lib/thumb/v6-m\libg_nano.a(lib_a-sbrkr.o)
                                                  d:/arm-gcc/bin/../lib/gcc/arm-none-eabi/7.3.1/../../../../arm-none-eabi/lib/thumb/v6-m\libg_nano.a(lib_a-nano-mallocr.o)
_vfiprintf_r                                      d:/arm-gcc/bin/../lib/gcc/arm-none-eabi/7.3.1/../../../../arm-none-eabi/lib/thumb/v6-m\libg_nano.a(lib_a-nano-vfprintf.o)
_vfprintf_r                                       d:/arm-gcc/bin/../lib/gcc/arm-none-eabi/7.3.1/../../../../arm-none-eabi/lib/thumb/v6-m\libg_nano.a(lib_a-nano-vfprintf.o)
                                                  d:/arm-gcc/bin/../lib/gcc/arm-none-eabi/7.3.1/../../../../arm-none-eabi/lib/thumb/v6-m\libg_nano.a(lib_a-printf.o)
_write                                            d:/arm-gcc/bin/../lib/gcc/arm-none-eabi/7.3.1/../../../../arm-none-eabi/lib/thumb/v6-m\libnosys.a(write.o)
                                                  d:/arm-gcc/bin/../lib/gcc/arm-none-eabi/7.3.1/../../../../arm-none-eabi/lib/thumb/v6-m\libg_nano.a(lib_a-writer.o)
_write_r                                          d:/arm-gcc/bin/../lib/gcc/arm-none-eabi/7.3.1/../../../../arm-none-eabi/lib/thumb/v6-m\libg_nano.a(lib_a-writer.o)
                                                  d:/arm-gcc/bin/../lib/gcc/arm-none-eabi/7.3.1/../../../../arm-none-eabi/lib/thumb/v6-m\libg_nano.a(lib_a-stdio.o)
abort_isr                                         ./nv32lib/cpu/vectors.o
assert_failed                                     ./nv32lib/common/assert.o
                                                  ./nv32lib/drivers/etm/etm.o
                                                  ./nv32lib/drivers/uart/uart.o
                                                  ./nv32lib/drivers/spi/spi.o
                                                  ./nv32lib/drivers/kbi/kbi.o
                                                  ./nv32lib/drivers/gpio/gpio.o
cleanup_glue                                      d:/arm-gcc/bin/../lib/gcc/arm-none-eabi/7.3.1/../../../../arm-none-eabi/lib/thumb/v6-m\libg_nano.a(lib_a-reent.o)
default_isr                                       ./nv32lib/cpu/vectors.o
end                                               d:/arm-gcc/bin/../lib/gcc/arm-none-eabi/7.3.1/../../../../arm-none-eabi/lib/thumb/v6-m\libnosys.a(sbrk.o)
end_test                                          ./nv32lib/cpu/sysinit.o
errno                                             d:/arm-gcc/bin/../lib/gcc/arm-none-eabi/7.3.1/../../../../arm-none-eabi/lib/thumb/v6-m\libg_nano.a(lib_a-reent.o)
                                                  d:/arm-gcc/bin/../lib/gcc/arm-none-eabi/7.3.1/../../../../arm-none-eabi/lib/thumb/v6-m\libnosys.a(write.o)
                                                  d:/arm-gcc/bin/../lib/gcc/arm-none-eabi/7.3.1/../../../../arm-none-eabi/lib/thumb/v6-m\libnosys.a(read.o)
                                                  d:/arm-gcc/bin/../lib/gcc/arm-none-eabi/7.3.1/../../../../arm-none-eabi/lib/thumb/v6-m\libnosys.a(lseek.o)
                                                  d:/arm-gcc/bin/../lib/gcc/arm-none-eabi/7.3.1/../../../../arm-none-eabi/lib/thumb/v6-m\libnosys.a(isatty.o)
                                                  d:/arm-gcc/bin/../lib/gcc/arm-none-eabi/7.3.1/../../../../arm-none-eabi/lib/thumb/v6-m\libnosys.a(fstat.o)
                                                  d:/arm-gcc/bin/../lib/gcc/arm-none-eabi/7.3.1/../../../../arm-none-eabi/lib/thumb/v6-m\libnosys.a(close.o)
                                                  d:/arm-gcc/bin/../lib/gcc/arm-none-eabi/7.3.1/../../../../arm-none-eabi/lib/thumb/v6-m\libg_nano.a(lib_a-readr.o)
                                                  d:/arm-gcc/bin/../lib/gcc/arm-none-eabi/7.3.1/../../../../arm-none-eabi/lib/thumb/v6-m\libg_nano.a(lib_a-lseekr.o)
                                                  d:/arm-gcc/bin/../lib/gcc/arm-none-eabi/7.3.1/../../../../arm-none-eabi/lib/thumb/v6-m\libg_nano.a(lib_a-isattyr.o)
                                                  d:/arm-gcc/bin/../lib/gcc/arm-none-eabi/7.3.1/../../../../arm-none-eabi/lib/thumb/v6-m\libg_nano.a(lib_a-fstatr.o)